[2023-09-10T20:06:18.137-0100][0.011s] Heap region size: 1M
[2023-09-10T20:06:18.137-0100][0.011s] Heap address: 0x00000007e0000000, size: 512 MB, Compressed Oops mode: Zero based, Oop shift amount: 3
[2023-09-10T20:06:18.430-0100][0.304s] Using G1
[2023-09-10T20:06:18.431-0100][0.305s] Mark closed archive regions in map: [0x00000007fff00000, 0x00000007fff7aff8]
[2023-09-10T20:06:18.431-0100][0.305s] Mark open archive regions in map: [0x00000007ffe00000, 0x00000007ffe50ff8]
[2023-09-10T20:06:18.458-0100][0.332s] Periodic GC disabled
[2023-09-10T20:06:19.085-0100][0.959s] GC(0) Pause Young (Normal) (G1 Evacuation Pause)
[2023-09-10T20:06:19.086-0100][0.960s] GC(0) Using 10 workers of 10 for evacuation
[2023-09-10T20:06:19.088-0100][0.962s] GC(0)   Pre Evacuate Collection Set: 0.1ms
[2023-09-10T20:06:19.088-0100][0.962s] GC(0)   Merge Heap Roots: 0.1ms
[2023-09-10T20:06:19.088-0100][0.962s] GC(0)   Evacuate Collection Set: 1.8ms
[2023-09-10T20:06:19.088-0100][0.962s] GC(0)   Post Evacuate Collection Set: 0.3ms
[2023-09-10T20:06:19.088-0100][0.962s] GC(0)   Other: 0.8ms
[2023-09-10T20:06:19.088-0100][0.962s] GC(0) Eden regions: 29->0(52)
[2023-09-10T20:06:19.088-0100][0.962s] GC(0) Survivor regions: 0->3(4)
[2023-09-10T20:06:19.088-0100][0.962s] GC(0) Old regions: 0->0
[2023-09-10T20:06:19.088-0100][0.962s] GC(0) Archive regions: 2->2
[2023-09-10T20:06:19.088-0100][0.962s] GC(0) Humongous regions: 0->0
[2023-09-10T20:06:19.088-0100][0.962s] GC(0) Metaspace: 5769K(7296K)->5769K(7296K) NonClass: 5100K(6400K)->5100K(6400K) Class: 669K(896K)->669K(896K)
[2023-09-10T20:06:19.088-0100][0.962s] GC(0) Pause Young (Normal) (G1 Evacuation Pause) 29M->3M(512M) 3.129ms
[2023-09-10T20:06:19.088-0100][0.962s] GC(0) User=0.01s Sys=0.01s Real=0.00s
[2023-09-10T20:06:19.926-0100][1.800s] GC(1) Pause Young (Normal) (G1 Evacuation Pause)
[2023-09-10T20:06:19.926-0100][1.800s] GC(1) Using 10 workers of 10 for evacuation
[2023-09-10T20:06:19.934-0100][1.808s] GC(1)   Pre Evacuate Collection Set: 0.1ms
[2023-09-10T20:06:19.935-0100][1.809s] GC(1)   Merge Heap Roots: 0.1ms
[2023-09-10T20:06:19.935-0100][1.809s] GC(1)   Evacuate Collection Set: 7.3ms
[2023-09-10T20:06:19.935-0100][1.809s] GC(1)   Post Evacuate Collection Set: 0.5ms
[2023-09-10T20:06:19.935-0100][1.809s] GC(1)   Other: 0.2ms
[2023-09-10T20:06:19.935-0100][1.809s] GC(1) Eden regions: 52->0(300)
[2023-09-10T20:06:19.935-0100][1.809s] GC(1) Survivor regions: 3->7(7)
[2023-09-10T20:06:19.935-0100][1.809s] GC(1) Old regions: 0->6
[2023-09-10T20:06:19.935-0100][1.809s] GC(1) Archive regions: 2->2
[2023-09-10T20:06:19.935-0100][1.809s] GC(1) Humongous regions: 4->4
[2023-09-10T20:06:19.935-0100][1.809s] GC(1) Metaspace: 17792K(18560K)->17792K(18560K) NonClass: 15647K(16128K)->15647K(16128K) Class: 2145K(2432K)->2145K(2432K)
[2023-09-10T20:06:19.935-0100][1.809s] GC(1) Pause Young (Normal) (G1 Evacuation Pause) 59M->17M(512M) 8.608ms
[2023-09-10T20:06:19.935-0100][1.809s] GC(1) User=0.07s Sys=0.01s Real=0.01s
[2023-09-10T20:06:20.460-0100][2.334s] GC(2) Pause Young (Concurrent Start) (Metadata GC Threshold)
[2023-09-10T20:06:20.460-0100][2.334s] GC(2) Using 10 workers of 10 for evacuation
[2023-09-10T20:06:20.467-0100][2.341s] GC(2)   Pre Evacuate Collection Set: 0.1ms
[2023-09-10T20:06:20.467-0100][2.341s] GC(2)   Merge Heap Roots: 0.1ms
[2023-09-10T20:06:20.467-0100][2.341s] GC(2)   Evacuate Collection Set: 6.5ms
[2023-09-10T20:06:20.467-0100][2.341s] GC(2)   Post Evacuate Collection Set: 0.5ms
[2023-09-10T20:06:20.467-0100][2.341s] GC(2)   Other: 0.3ms
[2023-09-10T20:06:20.467-0100][2.341s] GC(2) Eden regions: 53->0(294)
[2023-09-10T20:06:20.467-0100][2.341s] GC(2) Survivor regions: 7->13(39)
[2023-09-10T20:06:20.467-0100][2.341s] GC(2) Old regions: 6->6
[2023-09-10T20:06:20.467-0100][2.341s] GC(2) Archive regions: 2->2
[2023-09-10T20:06:20.467-0100][2.341s] GC(2) Humongous regions: 4->4
[2023-09-10T20:06:20.467-0100][2.341s] GC(2) Metaspace: 20299K(21296K)->20299K(21296K) NonClass: 17864K(18608K)->17864K(18608K) Class: 2435K(2688K)->2435K(2688K)
[2023-09-10T20:06:20.467-0100][2.341s] GC(2) Pause Young (Concurrent Start) (Metadata GC Threshold) 70M->22M(512M) 7.717ms
[2023-09-10T20:06:20.468-0100][2.341s] GC(2) User=0.05s Sys=0.00s Real=0.00s
[2023-09-10T20:06:20.468-0100][2.341s] GC(3) Concurrent Cycle
[2023-09-10T20:06:20.468-0100][2.341s] GC(3) Concurrent Clear Claimed Marks
[2023-09-10T20:06:20.468-0100][2.342s] GC(3) Concurrent Clear Claimed Marks 0.052ms
[2023-09-10T20:06:20.468-0100][2.342s] GC(3) Concurrent Scan Root Regions
[2023-09-10T20:06:20.471-0100][2.345s] GC(3) Concurrent Scan Root Regions 3.216ms
[2023-09-10T20:06:20.471-0100][2.345s] GC(3) Concurrent Mark (2.345s)
[2023-09-10T20:06:20.471-0100][2.345s] GC(3) Concurrent Mark From Roots
[2023-09-10T20:06:20.471-0100][2.345s] GC(3) Using 3 workers of 3 for marking
[2023-09-10T20:06:20.476-0100][2.350s] GC(3) Concurrent Mark From Roots 5.386ms
[2023-09-10T20:06:20.476-0100][2.350s] GC(3) Concurrent Preclean
[2023-09-10T20:06:20.476-0100][2.350s] GC(3) Concurrent Preclean 0.050ms
[2023-09-10T20:06:20.476-0100][2.350s] GC(3) Concurrent Mark (2.345s, 2.350s) 5.500ms
[2023-09-10T20:06:20.477-0100][2.351s] GC(3) Pause Remark
[2023-09-10T20:06:20.479-0100][2.353s] GC(3) Pause Remark 23M->23M(512M) 2.359ms
[2023-09-10T20:06:20.479-0100][2.353s] GC(3) User=0.01s Sys=0.00s Real=0.00s
[2023-09-10T20:06:20.479-0100][2.353s] GC(3) Concurrent Rebuild Remembered Sets
[2023-09-10T20:06:20.483-0100][2.356s] GC(3) Concurrent Rebuild Remembered Sets 3.224ms
[2023-09-10T20:06:20.483-0100][2.357s] GC(3) Pause Cleanup
[2023-09-10T20:06:20.483-0100][2.357s] GC(3) Pause Cleanup 23M->23M(512M) 0.126ms
[2023-09-10T20:06:20.483-0100][2.357s] GC(3) User=0.00s Sys=0.00s Real=0.00s
[2023-09-10T20:06:20.483-0100][2.357s] GC(3) Concurrent Cleanup for Next Mark
[2023-09-10T20:06:20.484-0100][2.358s] GC(3) Concurrent Cleanup for Next Mark 0.677ms
[2023-09-10T20:06:20.484-0100][2.358s] GC(3) Concurrent Cycle 16.323ms
[2023-09-10T20:06:22.312-0100][4.186s] GC(4) Pause Young (Concurrent Start) (Metadata GC Threshold)
[2023-09-10T20:06:22.312-0100][4.186s] GC(4) Using 10 workers of 10 for evacuation
[2023-09-10T20:06:22.322-0100][4.196s] GC(4)   Pre Evacuate Collection Set: 0.2ms
[2023-09-10T20:06:22.322-0100][4.196s] GC(4)   Merge Heap Roots: 0.1ms
[2023-09-10T20:06:22.322-0100][4.196s] GC(4)   Evacuate Collection Set: 8.7ms
[2023-09-10T20:06:22.322-0100][4.196s] GC(4)   Post Evacuate Collection Set: 1.0ms
[2023-09-10T20:06:22.322-0100][4.196s] GC(4)   Other: 0.2ms
[2023-09-10T20:06:22.322-0100][4.196s] GC(4) Eden regions: 153->0(289)
[2023-09-10T20:06:22.322-0100][4.196s] GC(4) Survivor regions: 13->18(39)
[2023-09-10T20:06:22.322-0100][4.196s] GC(4) Old regions: 6->6
[2023-09-10T20:06:22.322-0100][4.196s] GC(4) Archive regions: 2->2
[2023-09-10T20:06:22.322-0100][4.196s] GC(4) Humongous regions: 5->4
[2023-09-10T20:06:22.322-0100][4.196s] GC(4) Metaspace: 34483K(35708K)->34483K(35708K) NonClass: 30305K(31100K)->30305K(31100K) Class: 4178K(4608K)->4178K(4608K)
[2023-09-10T20:06:22.322-0100][4.196s] GC(4) Pause Young (Concurrent Start) (Metadata GC Threshold) 176M->28M(512M) 10.403ms
[2023-09-10T20:06:22.322-0100][4.196s] GC(4) User=0.08s Sys=0.00s Real=0.01s
[2023-09-10T20:06:22.322-0100][4.196s] GC(5) Concurrent Cycle
[2023-09-10T20:06:22.322-0100][4.196s] GC(5) Concurrent Clear Claimed Marks
[2023-09-10T20:06:22.323-0100][4.196s] GC(5) Concurrent Clear Claimed Marks 0.072ms
[2023-09-10T20:06:22.323-0100][4.196s] GC(5) Concurrent Scan Root Regions
[2023-09-10T20:06:22.329-0100][4.202s] GC(5) Concurrent Scan Root Regions 5.998ms
[2023-09-10T20:06:22.329-0100][4.202s] GC(5) Concurrent Mark (4.202s)
[2023-09-10T20:06:22.329-0100][4.202s] GC(5) Concurrent Mark From Roots
[2023-09-10T20:06:22.329-0100][4.202s] GC(5) Using 3 workers of 3 for marking
[2023-09-10T20:06:22.337-0100][4.211s] GC(5) Concurrent Mark From Roots 8.073ms
[2023-09-10T20:06:22.337-0100][4.211s] GC(5) Concurrent Preclean
[2023-09-10T20:06:22.337-0100][4.211s] GC(5) Concurrent Preclean 0.060ms
[2023-09-10T20:06:22.337-0100][4.211s] GC(5) Concurrent Mark (4.202s, 4.211s) 8.227ms
[2023-09-10T20:06:22.337-0100][4.211s] GC(5) Pause Remark
[2023-09-10T20:06:22.339-0100][4.213s] GC(5) Pause Remark 30M->30M(512M) 1.779ms
[2023-09-10T20:06:22.339-0100][4.213s] GC(5) User=0.02s Sys=0.00s Real=0.00s
[2023-09-10T20:06:22.339-0100][4.213s] GC(5) Concurrent Rebuild Remembered Sets
[2023-09-10T20:06:22.345-0100][4.218s] GC(5) Concurrent Rebuild Remembered Sets 5.725ms
[2023-09-10T20:06:22.345-0100][4.219s] GC(5) Pause Cleanup
[2023-09-10T20:06:22.345-0100][4.219s] GC(5) Pause Cleanup 30M->30M(512M) 0.134ms
[2023-09-10T20:06:22.345-0100][4.219s] GC(5) User=0.00s Sys=0.00s Real=0.00s
[2023-09-10T20:06:22.345-0100][4.219s] GC(5) Concurrent Cleanup for Next Mark
[2023-09-10T20:06:22.346-0100][4.220s] GC(5) Concurrent Cleanup for Next Mark 0.977ms
[2023-09-10T20:06:22.346-0100][4.220s] GC(5) Concurrent Cycle 23.868ms
[2023-09-10T20:06:32.619-0100][14.493s] GC(6) Pause Young (Normal) (G1 Evacuation Pause)
[2023-09-10T20:06:32.619-0100][14.493s] GC(6) Using 10 workers of 10 for evacuation
[2023-09-10T20:06:32.633-0100][14.507s] GC(6)   Pre Evacuate Collection Set: 0.1ms
[2023-09-10T20:06:32.636-0100][14.510s] GC(6)   Merge Heap Roots: 0.1ms
[2023-09-10T20:06:32.636-0100][14.510s] GC(6)   Evacuate Collection Set: 12.5ms
[2023-09-10T20:06:32.636-0100][14.510s] GC(6)   Post Evacuate Collection Set: 1.3ms
[2023-09-10T20:06:32.636-0100][14.510s] GC(6)   Other: 0.2ms
[2023-09-10T20:06:32.636-0100][14.510s] GC(6) Eden regions: 289->0(277)
[2023-09-10T20:06:32.636-0100][14.510s] GC(6) Survivor regions: 18->30(39)
[2023-09-10T20:06:32.636-0100][14.510s] GC(6) Old regions: 6->6
[2023-09-10T20:06:32.636-0100][14.510s] GC(6) Archive regions: 2->2
[2023-09-10T20:06:32.636-0100][14.510s] GC(6) Humongous regions: 4->4
[2023-09-10T20:06:32.636-0100][14.510s] GC(6) Metaspace: 53102K(54780K)->53102K(54780K) NonClass: 46387K(47484K)->46387K(47484K) Class: 6715K(7296K)->6715K(7296K)
[2023-09-10T20:06:32.636-0100][14.510s] GC(6) Pause Young (Normal) (G1 Evacuation Pause) 317M->40M(512M) 17.016ms
[2023-09-10T20:06:32.636-0100][14.510s] GC(6) User=0.12s Sys=0.00s Real=0.02s
[2023-09-10T20:09:54.301-0100][216.171s] GC(7) Pause Young (Concurrent Start) (Metadata GC Threshold)
[2023-09-10T20:09:54.301-0100][216.171s] GC(7) Using 10 workers of 10 for evacuation
[2023-09-10T20:09:54.333-0100][216.202s] GC(7)   Pre Evacuate Collection Set: 0.7ms
[2023-09-10T20:09:54.342-0100][216.211s] GC(7)   Merge Heap Roots: 0.4ms
[2023-09-10T20:09:54.342-0100][216.211s] GC(7)   Evacuate Collection Set: 27.9ms
[2023-09-10T20:09:54.342-0100][216.212s] GC(7)   Post Evacuate Collection Set: 2.1ms
[2023-09-10T20:09:54.342-0100][216.212s] GC(7)   Other: 0.4ms
[2023-09-10T20:09:54.342-0100][216.212s] GC(7) Eden regions: 175->0(285)
[2023-09-10T20:09:54.342-0100][216.212s] GC(7) Survivor regions: 30->22(39)
[2023-09-10T20:09:54.342-0100][216.212s] GC(7) Old regions: 6->18
[2023-09-10T20:09:54.342-0100][216.212s] GC(7) Archive regions: 2->2
[2023-09-10T20:09:54.344-0100][216.213s] GC(7) Humongous regions: 4->4
[2023-09-10T20:09:54.344-0100][216.213s] GC(7) Metaspace: 58218K(59940K)->58218K(59940K) NonClass: 50975K(52004K)->50975K(52004K) Class: 7243K(7936K)->7243K(7936K)
[2023-09-10T20:09:54.344-0100][216.214s] GC(7) Pause Young (Concurrent Start) (Metadata GC Threshold) 214M->44M(512M) 42.844ms
[2023-09-10T20:09:54.344-0100][216.214s] GC(7) User=0.13s Sys=0.02s Real=0.04s
[2023-09-10T20:09:54.344-0100][216.214s] GC(8) Concurrent Cycle
[2023-09-10T20:09:54.344-0100][216.214s] GC(8) Concurrent Clear Claimed Marks
[2023-09-10T20:09:54.344-0100][216.214s] GC(8) Concurrent Clear Claimed Marks 0.167ms
[2023-09-10T20:09:54.370-0100][216.239s] GC(8) Concurrent Scan Root Regions
[2023-09-10T20:09:54.380-0100][216.249s] GC(8) Concurrent Scan Root Regions 9.552ms
[2023-09-10T20:09:54.391-0100][216.260s] GC(8) Concurrent Mark (216.260s)
[2023-09-10T20:09:54.391-0100][216.260s] GC(8) Concurrent Mark From Roots
[2023-09-10T20:09:54.391-0100][216.260s] GC(8) Using 3 workers of 3 for marking
[2023-09-10T20:09:54.398-0100][216.267s] GC(8) Concurrent Mark From Roots 6.768ms
[2023-09-10T20:09:54.412-0100][216.281s] GC(8) Concurrent Preclean
[2023-09-10T20:09:54.412-0100][216.282s] GC(8) Concurrent Preclean 0.120ms
[2023-09-10T20:09:54.412-0100][216.282s] GC(8) Concurrent Mark (216.260s, 216.282s) 21.318ms
[2023-09-10T20:09:54.412-0100][216.282s] GC(8) Pause Remark
[2023-09-10T20:09:54.415-0100][216.284s] GC(8) Pause Remark 50M->50M(512M) 2.325ms
[2023-09-10T20:09:54.415-0100][216.284s] GC(8) User=0.02s Sys=0.00s Real=0.00s
[2023-09-10T20:09:54.415-0100][216.284s] GC(8) Concurrent Rebuild Remembered Sets
[2023-09-10T20:09:54.421-0100][216.290s] GC(8) Concurrent Rebuild Remembered Sets 5.982ms
[2023-09-10T20:09:54.421-0100][216.291s] GC(8) Pause Cleanup
[2023-09-10T20:09:54.421-0100][216.291s] GC(8) Pause Cleanup 50M->50M(512M) 0.137ms
[2023-09-10T20:09:54.421-0100][216.291s] GC(8) User=0.00s Sys=0.00s Real=0.00s
[2023-09-10T20:09:54.421-0100][216.291s] GC(8) Concurrent Cleanup for Next Mark
[2023-09-10T20:09:54.422-0100][216.292s] GC(8) Concurrent Cleanup for Next Mark 0.740ms
[2023-09-10T20:09:54.422-0100][216.292s] GC(8) Concurrent Cycle 77.947ms
[2023-09-10T21:19:05.589-0100][1861.631s] Heap
[2023-09-10T21:19:05.589-0100][1861.631s]  garbage-first heap   total 524288K, used 78166K [0x00000007e0000000, 0x0000000800000000)
[2023-09-10T21:19:05.589-0100][1861.631s]   region size 1024K, 55 young (56320K), 22 survivors (22528K)
[2023-09-10T21:19:05.589-0100][1861.631s]  Metaspace       used 59487K, capacity 61129K, committed 61348K, reserved 1103872K
[2023-09-10T21:19:05.589-0100][1861.631s]   class space    used 7387K, capacity 8018K, committed 8064K, reserved 1048576K
