[2023-09-10T21:47:54.125-0100][0.011s] Heap region size: 1M
[2023-09-10T21:47:54.125-0100][0.011s] Heap address: 0x00000007e0000000, size: 512 MB, Compressed Oops mode: Zero based, Oop shift amount: 3
[2023-09-10T21:47:54.388-0100][0.274s] Using G1
[2023-09-10T21:47:54.389-0100][0.275s] Mark closed archive regions in map: [0x00000007fff00000, 0x00000007fff7aff8]
[2023-09-10T21:47:54.389-0100][0.275s] Mark open archive regions in map: [0x00000007ffe00000, 0x00000007ffe50ff8]
[2023-09-10T21:47:54.415-0100][0.301s] Periodic GC disabled
[2023-09-10T21:47:55.035-0100][0.921s] GC(0) Pause Young (Normal) (G1 Evacuation Pause)
[2023-09-10T21:47:55.036-0100][0.922s] GC(0) Using 10 workers of 10 for evacuation
[2023-09-10T21:47:55.038-0100][0.924s] GC(0)   Pre Evacuate Collection Set: 0.1ms
[2023-09-10T21:47:55.038-0100][0.924s] GC(0)   Merge Heap Roots: 0.0ms
[2023-09-10T21:47:55.038-0100][0.924s] GC(0)   Evacuate Collection Set: 1.5ms
[2023-09-10T21:47:55.038-0100][0.924s] GC(0)   Post Evacuate Collection Set: 0.3ms
[2023-09-10T21:47:55.038-0100][0.924s] GC(0)   Other: 0.7ms
[2023-09-10T21:47:55.038-0100][0.924s] GC(0) Eden regions: 29->0(52)
[2023-09-10T21:47:55.038-0100][0.924s] GC(0) Survivor regions: 0->3(4)
[2023-09-10T21:47:55.038-0100][0.924s] GC(0) Old regions: 0->0
[2023-09-10T21:47:55.038-0100][0.924s] GC(0) Archive regions: 2->2
[2023-09-10T21:47:55.038-0100][0.924s] GC(0) Humongous regions: 0->0
[2023-09-10T21:47:55.038-0100][0.924s] GC(0) Metaspace: 5741K(7296K)->5741K(7296K) NonClass: 5072K(6400K)->5072K(6400K) Class: 669K(896K)->669K(896K)
[2023-09-10T21:47:55.038-0100][0.924s] GC(0) Pause Young (Normal) (G1 Evacuation Pause) 29M->3M(512M) 2.865ms
[2023-09-10T21:47:55.038-0100][0.924s] GC(0) User=0.02s Sys=0.00s Real=0.00s
[2023-09-10T21:47:55.824-0100][1.710s] GC(1) Pause Young (Normal) (G1 Evacuation Pause)
[2023-09-10T21:47:55.824-0100][1.710s] GC(1) Using 10 workers of 10 for evacuation
[2023-09-10T21:47:55.833-0100][1.719s] GC(1)   Pre Evacuate Collection Set: 0.1ms
[2023-09-10T21:47:55.833-0100][1.719s] GC(1)   Merge Heap Roots: 0.1ms
[2023-09-10T21:47:55.833-0100][1.719s] GC(1)   Evacuate Collection Set: 7.9ms
[2023-09-10T21:47:55.833-0100][1.719s] GC(1)   Post Evacuate Collection Set: 0.5ms
[2023-09-10T21:47:55.833-0100][1.719s] GC(1)   Other: 0.2ms
[2023-09-10T21:47:55.833-0100][1.719s] GC(1) Eden regions: 52->0(300)
[2023-09-10T21:47:55.833-0100][1.719s] GC(1) Survivor regions: 3->7(7)
[2023-09-10T21:47:55.833-0100][1.719s] GC(1) Old regions: 0->7
[2023-09-10T21:47:55.833-0100][1.719s] GC(1) Archive regions: 2->2
[2023-09-10T21:47:55.833-0100][1.719s] GC(1) Humongous regions: 4->4
[2023-09-10T21:47:55.833-0100][1.719s] GC(1) Metaspace: 17895K(18816K)->17895K(18816K) NonClass: 15740K(16384K)->15740K(16384K) Class: 2155K(2432K)->2155K(2432K)
[2023-09-10T21:47:55.833-0100][1.719s] GC(1) Pause Young (Normal) (G1 Evacuation Pause) 59M->17M(512M) 8.989ms
[2023-09-10T21:47:55.833-0100][1.719s] GC(1) User=0.08s Sys=0.01s Real=0.01s
[2023-09-10T21:47:56.239-0100][2.125s] GC(2) Pause Young (Concurrent Start) (Metadata GC Threshold)
[2023-09-10T21:47:56.239-0100][2.125s] GC(2) Using 10 workers of 10 for evacuation
[2023-09-10T21:47:56.245-0100][2.131s] GC(2)   Pre Evacuate Collection Set: 0.1ms
[2023-09-10T21:47:56.245-0100][2.131s] GC(2)   Merge Heap Roots: 0.1ms
[2023-09-10T21:47:56.245-0100][2.131s] GC(2)   Evacuate Collection Set: 4.9ms
[2023-09-10T21:47:56.245-0100][2.131s] GC(2)   Post Evacuate Collection Set: 0.5ms
[2023-09-10T21:47:56.245-0100][2.131s] GC(2)   Other: 0.3ms
[2023-09-10T21:47:56.245-0100][2.131s] GC(2) Eden regions: 52->0(294)
[2023-09-10T21:47:56.245-0100][2.131s] GC(2) Survivor regions: 7->13(39)
[2023-09-10T21:47:56.245-0100][2.131s] GC(2) Old regions: 7->7
[2023-09-10T21:47:56.245-0100][2.131s] GC(2) Archive regions: 2->2
[2023-09-10T21:47:56.245-0100][2.131s] GC(2) Humongous regions: 4->4
[2023-09-10T21:47:56.245-0100][2.131s] GC(2) Metaspace: 20356K(21248K)->20356K(21248K) NonClass: 17915K(18432K)->17915K(18432K) Class: 2440K(2816K)->2440K(2816K)
[2023-09-10T21:47:56.245-0100][2.131s] GC(2) Pause Young (Concurrent Start) (Metadata GC Threshold) 69M->22M(512M) 6.111ms
[2023-09-10T21:47:56.245-0100][2.131s] GC(2) User=0.05s Sys=0.01s Real=0.01s
[2023-09-10T21:47:56.245-0100][2.131s] GC(3) Concurrent Cycle
[2023-09-10T21:47:56.245-0100][2.131s] GC(3) Concurrent Clear Claimed Marks
[2023-09-10T21:47:56.245-0100][2.131s] GC(3) Concurrent Clear Claimed Marks 0.056ms
[2023-09-10T21:47:56.245-0100][2.131s] GC(3) Concurrent Scan Root Regions
[2023-09-10T21:47:56.248-0100][2.135s] GC(3) Concurrent Scan Root Regions 3.459ms
[2023-09-10T21:47:56.249-0100][2.135s] GC(3) Concurrent Mark (2.135s)
[2023-09-10T21:47:56.249-0100][2.135s] GC(3) Concurrent Mark From Roots
[2023-09-10T21:47:56.249-0100][2.135s] GC(3) Using 3 workers of 3 for marking
[2023-09-10T21:47:56.257-0100][2.143s] GC(3) Concurrent Mark From Roots 8.458ms
[2023-09-10T21:47:56.257-0100][2.143s] GC(3) Concurrent Preclean
[2023-09-10T21:47:56.257-0100][2.143s] GC(3) Concurrent Preclean 0.070ms
[2023-09-10T21:47:56.257-0100][2.143s] GC(3) Concurrent Mark (2.135s, 2.143s) 8.601ms
[2023-09-10T21:47:56.257-0100][2.144s] GC(3) Pause Remark
[2023-09-10T21:47:56.259-0100][2.145s] GC(3) Pause Remark 23M->23M(512M) 1.510ms
[2023-09-10T21:47:56.259-0100][2.145s] GC(3) User=0.01s Sys=0.00s Real=0.00s
[2023-09-10T21:47:56.259-0100][2.145s] GC(3) Concurrent Rebuild Remembered Sets
[2023-09-10T21:47:56.265-0100][2.151s] GC(3) Concurrent Rebuild Remembered Sets 5.971ms
[2023-09-10T21:47:56.265-0100][2.152s] GC(3) Pause Cleanup
[2023-09-10T21:47:56.265-0100][2.152s] GC(3) Pause Cleanup 24M->24M(512M) 0.160ms
[2023-09-10T21:47:56.266-0100][2.152s] GC(3) User=0.00s Sys=0.00s Real=0.00s
[2023-09-10T21:47:56.266-0100][2.152s] GC(3) Concurrent Cleanup for Next Mark
[2023-09-10T21:47:56.267-0100][2.153s] GC(3) Concurrent Cleanup for Next Mark 0.962ms
[2023-09-10T21:47:56.267-0100][2.153s] GC(3) Concurrent Cycle 21.663ms
[2023-09-10T21:47:57.994-0100][3.880s] GC(4) Pause Young (Concurrent Start) (Metadata GC Threshold)
[2023-09-10T21:47:57.994-0100][3.880s] GC(4) Using 10 workers of 10 for evacuation
[2023-09-10T21:47:58.003-0100][3.890s] GC(4)   Pre Evacuate Collection Set: 0.2ms
[2023-09-10T21:47:58.004-0100][3.890s] GC(4)   Merge Heap Roots: 0.1ms
[2023-09-10T21:47:58.004-0100][3.890s] GC(4)   Evacuate Collection Set: 8.0ms
[2023-09-10T21:47:58.004-0100][3.890s] GC(4)   Post Evacuate Collection Set: 1.1ms
[2023-09-10T21:47:58.004-0100][3.890s] GC(4)   Other: 0.3ms
[2023-09-10T21:47:58.004-0100][3.890s] GC(4) Eden regions: 156->0(288)
[2023-09-10T21:47:58.004-0100][3.890s] GC(4) Survivor regions: 13->19(39)
[2023-09-10T21:47:58.004-0100][3.890s] GC(4) Old regions: 7->7
[2023-09-10T21:47:58.004-0100][3.890s] GC(4) Archive regions: 2->2
[2023-09-10T21:47:58.004-0100][3.890s] GC(4) Humongous regions: 5->4
[2023-09-10T21:47:58.004-0100][3.890s] GC(4) Metaspace: 34653K(35840K)->34653K(35840K) NonClass: 30450K(31232K)->30450K(31232K) Class: 4202K(4608K)->4202K(4608K)
[2023-09-10T21:47:58.004-0100][3.890s] GC(4) Pause Young (Concurrent Start) (Metadata GC Threshold) 179M->29M(512M) 9.885ms
[2023-09-10T21:47:58.004-0100][3.890s] GC(4) User=0.08s Sys=0.00s Real=0.01s
[2023-09-10T21:47:58.004-0100][3.890s] GC(5) Concurrent Cycle
[2023-09-10T21:47:58.004-0100][3.890s] GC(5) Concurrent Clear Claimed Marks
[2023-09-10T21:47:58.004-0100][3.890s] GC(5) Concurrent Clear Claimed Marks 0.077ms
[2023-09-10T21:47:58.004-0100][3.890s] GC(5) Concurrent Scan Root Regions
[2023-09-10T21:47:58.010-0100][3.896s] GC(5) Concurrent Scan Root Regions 5.728ms
[2023-09-10T21:47:58.010-0100][3.896s] GC(5) Concurrent Mark (3.896s)
[2023-09-10T21:47:58.010-0100][3.896s] GC(5) Concurrent Mark From Roots
[2023-09-10T21:47:58.010-0100][3.896s] GC(5) Using 3 workers of 3 for marking
[2023-09-10T21:47:58.019-0100][3.905s] GC(5) Concurrent Mark From Roots 8.949ms
[2023-09-10T21:47:58.019-0100][3.905s] GC(5) Concurrent Preclean
[2023-09-10T21:47:58.019-0100][3.905s] GC(5) Concurrent Preclean 0.056ms
[2023-09-10T21:47:58.019-0100][3.905s] GC(5) Concurrent Mark (3.896s, 3.905s) 9.084ms
[2023-09-10T21:47:58.019-0100][3.905s] GC(5) Pause Remark
[2023-09-10T21:47:58.021-0100][3.907s] GC(5) Pause Remark 31M->31M(512M) 1.719ms
[2023-09-10T21:47:58.022-0100][3.908s] GC(5) User=0.01s Sys=0.00s Real=0.01s
[2023-09-10T21:47:58.022-0100][3.908s] GC(5) Concurrent Rebuild Remembered Sets
[2023-09-10T21:47:58.027-0100][3.913s] GC(5) Concurrent Rebuild Remembered Sets 5.219ms
[2023-09-10T21:47:58.045-0100][3.931s] GC(5) Pause Cleanup
[2023-09-10T21:47:58.046-0100][3.932s] GC(5) Pause Cleanup 33M->33M(512M) 0.674ms
[2023-09-10T21:47:58.046-0100][3.932s] GC(5) User=0.00s Sys=0.00s Real=0.00s
[2023-09-10T21:47:58.066-0100][3.952s] GC(5) Concurrent Cleanup for Next Mark
[2023-09-10T21:47:58.067-0100][3.954s] GC(5) Concurrent Cleanup for Next Mark 1.308ms
[2023-09-10T21:47:58.067-0100][3.954s] GC(5) Concurrent Cycle 63.611ms
[2023-09-10T21:47:59.871-0100][5.757s] GC(6) Pause Young (Normal) (G1 Evacuation Pause)
[2023-09-10T21:47:59.871-0100][5.757s] GC(6) Using 10 workers of 10 for evacuation
[2023-09-10T21:47:59.884-0100][5.771s] GC(6)   Pre Evacuate Collection Set: 0.1ms
[2023-09-10T21:47:59.884-0100][5.771s] GC(6)   Merge Heap Roots: 0.1ms
[2023-09-10T21:47:59.884-0100][5.771s] GC(6)   Evacuate Collection Set: 12.0ms
[2023-09-10T21:47:59.885-0100][5.771s] GC(6)   Post Evacuate Collection Set: 1.3ms
[2023-09-10T21:47:59.885-0100][5.771s] GC(6)   Other: 0.2ms
[2023-09-10T21:47:59.885-0100][5.771s] GC(6) Eden regions: 288->0(277)
[2023-09-10T21:47:59.885-0100][5.771s] GC(6) Survivor regions: 19->30(39)
[2023-09-10T21:47:59.885-0100][5.771s] GC(6) Old regions: 7->7
[2023-09-10T21:47:59.885-0100][5.771s] GC(6) Archive regions: 2->2
[2023-09-10T21:47:59.885-0100][5.771s] GC(6) Humongous regions: 4->4
[2023-09-10T21:47:59.885-0100][5.771s] GC(6) Metaspace: 52905K(54656K)->52905K(54656K) NonClass: 46222K(47360K)->46222K(47360K) Class: 6683K(7296K)->6683K(7296K)
[2023-09-10T21:47:59.885-0100][5.771s] GC(6) Pause Young (Normal) (G1 Evacuation Pause) 317M->40M(512M) 13.860ms
[2023-09-10T21:47:59.885-0100][5.771s] GC(6) User=0.15s Sys=0.00s Real=0.01s
[2023-09-11T09:46:16.802-0100][9958.152s] GC(7) Pause Young (Concurrent Start) (Metadata GC Threshold)
[2023-09-11T09:46:16.804-0100][9958.153s] GC(7) Using 10 workers of 10 for evacuation
[2023-09-11T09:46:16.908-0100][9958.257s] GC(7)   Pre Evacuate Collection Set: 5.3ms
[2023-09-11T09:46:16.908-0100][9958.257s] GC(7)   Merge Heap Roots: 0.8ms
[2023-09-11T09:46:16.908-0100][9958.257s] GC(7)   Evacuate Collection Set: 93.8ms
[2023-09-11T09:46:16.908-0100][9958.257s] GC(7)   Post Evacuate Collection Set: 3.6ms
[2023-09-11T09:46:16.908-0100][9958.257s] GC(7)   Other: 2.5ms
[2023-09-11T09:46:16.908-0100][9958.257s] GC(7) Eden regions: 161->0(283)
[2023-09-11T09:46:16.908-0100][9958.257s] GC(7) Survivor regions: 30->24(39)
[2023-09-11T09:46:16.908-0100][9958.257s] GC(7) Old regions: 7->18
[2023-09-11T09:46:16.908-0100][9958.257s] GC(7) Archive regions: 2->2
[2023-09-11T09:46:16.908-0100][9958.257s] GC(7) Humongous regions: 4->4
[2023-09-11T09:46:16.908-0100][9958.257s] GC(7) Metaspace: 58319K(60160K)->58319K(60160K) NonClass: 51128K(52224K)->51128K(52224K) Class: 7190K(7936K)->7190K(7936K)
[2023-09-11T09:46:16.908-0100][9958.257s] GC(7) Pause Young (Concurrent Start) (Metadata GC Threshold) 201M->46M(512M) 106.216ms
[2023-09-11T09:46:16.908-0100][9958.257s] GC(7) User=0.19s Sys=0.48s Real=0.10s
[2023-09-11T09:46:16.908-0100][9958.257s] GC(8) Concurrent Cycle
[2023-09-11T09:46:16.909-0100][9958.257s] GC(8) Concurrent Clear Claimed Marks
[2023-09-11T09:46:16.909-0100][9958.257s] GC(8) Concurrent Clear Claimed Marks 0.149ms
[2023-09-11T09:46:16.909-0100][9958.257s] GC(8) Concurrent Scan Root Regions
[2023-09-11T09:46:16.918-0100][9958.266s] GC(8) Concurrent Scan Root Regions 9.063ms
[2023-09-11T09:46:16.918-0100][9958.266s] GC(8) Concurrent Mark (9958.266s)
[2023-09-11T09:46:16.918-0100][9958.266s] GC(8) Concurrent Mark From Roots
[2023-09-11T09:46:16.918-0100][9958.266s] GC(8) Using 3 workers of 3 for marking
[2023-09-11T09:46:16.927-0100][9958.276s] GC(8) Concurrent Mark From Roots 9.240ms
[2023-09-11T09:46:16.927-0100][9958.276s] GC(8) Concurrent Preclean
[2023-09-11T09:46:16.927-0100][9958.276s] GC(8) Concurrent Preclean 0.159ms
[2023-09-11T09:46:16.927-0100][9958.276s] GC(8) Concurrent Mark (9958.266s, 9958.276s) 9.484ms
[2023-09-11T09:46:16.927-0100][9958.276s] GC(8) Pause Remark
[2023-09-11T09:46:16.932-0100][9958.281s] GC(8) Pause Remark 47M->47M(512M) 4.886ms
[2023-09-11T09:46:16.932-0100][9958.281s] GC(8) User=0.02s Sys=0.02s Real=0.01s
[2023-09-11T09:46:16.932-0100][9958.281s] GC(8) Concurrent Rebuild Remembered Sets
[2023-09-11T09:46:16.938-0100][9958.287s] GC(8) Concurrent Rebuild Remembered Sets 5.788ms
[2023-09-11T09:46:16.940-0100][9958.288s] GC(8) Pause Cleanup
[2023-09-11T09:46:16.940-0100][9958.289s] GC(8) Pause Cleanup 48M->48M(512M) 0.146ms
[2023-09-11T09:46:16.940-0100][9958.289s] GC(8) User=0.00s Sys=0.00s Real=0.00s
[2023-09-11T09:46:16.940-0100][9958.289s] GC(8) Concurrent Cleanup for Next Mark
[2023-09-11T09:46:16.944-0100][9958.293s] GC(8) Concurrent Cleanup for Next Mark 4.173ms
[2023-09-11T09:46:16.944-0100][9958.293s] GC(8) Concurrent Cycle 35.907ms
[2023-09-11T10:58:37.499-0100][14298.816s] Heap
[2023-09-11T10:58:37.499-0100][14298.817s]  garbage-first heap   total 524288K, used 139428K [0x00000007e0000000, 0x0000000800000000)
[2023-09-11T10:58:37.499-0100][14298.817s]   region size 1024K, 115 young (117760K), 24 survivors (24576K)
[2023-09-11T10:58:37.499-0100][14298.817s]  Metaspace       used 60633K, capacity 62366K, committed 62592K, reserved 1103872K
[2023-09-11T10:58:37.499-0100][14298.817s]   class space    used 7392K, capacity 8032K, committed 8064K, reserved 1048576K
