[2023-09-10T21:19:10.092-0100][0.012s] Heap region size: 1M
[2023-09-10T21:19:10.092-0100][0.012s] Heap address: 0x00000007e0000000, size: 512 MB, Compressed Oops mode: Zero based, Oop shift amount: 3
[2023-09-10T21:19:10.395-0100][0.315s] Using G1
[2023-09-10T21:19:10.396-0100][0.316s] Mark closed archive regions in map: [0x00000007fff00000, 0x00000007fff7aff8]
[2023-09-10T21:19:10.396-0100][0.316s] Mark open archive regions in map: [0x00000007ffe00000, 0x00000007ffe50ff8]
[2023-09-10T21:19:10.423-0100][0.343s] Periodic GC disabled
[2023-09-10T21:19:11.189-0100][1.108s] GC(0) Pause Young (Normal) (G1 Evacuation Pause)
[2023-09-10T21:19:11.189-0100][1.109s] GC(0) Using 10 workers of 10 for evacuation
[2023-09-10T21:19:11.192-0100][1.112s] GC(0)   Pre Evacuate Collection Set: 0.1ms
[2023-09-10T21:19:11.192-0100][1.112s] GC(0)   Merge Heap Roots: 0.0ms
[2023-09-10T21:19:11.192-0100][1.112s] GC(0)   Evacuate Collection Set: 1.9ms
[2023-09-10T21:19:11.192-0100][1.112s] GC(0)   Post Evacuate Collection Set: 0.4ms
[2023-09-10T21:19:11.192-0100][1.112s] GC(0)   Other: 0.7ms
[2023-09-10T21:19:11.192-0100][1.112s] GC(0) Eden regions: 29->0(52)
[2023-09-10T21:19:11.192-0100][1.112s] GC(0) Survivor regions: 0->3(4)
[2023-09-10T21:19:11.192-0100][1.112s] GC(0) Old regions: 0->0
[2023-09-10T21:19:11.192-0100][1.112s] GC(0) Archive regions: 2->2
[2023-09-10T21:19:11.192-0100][1.112s] GC(0) Humongous regions: 0->0
[2023-09-10T21:19:11.192-0100][1.112s] GC(0) Metaspace: 5776K(7296K)->5776K(7296K) NonClass: 5107K(6400K)->5107K(6400K) Class: 669K(896K)->669K(896K)
[2023-09-10T21:19:11.192-0100][1.112s] GC(0) Pause Young (Normal) (G1 Evacuation Pause) 29M->3M(512M) 3.475ms
[2023-09-10T21:19:11.192-0100][1.112s] GC(0) User=0.02s Sys=0.00s Real=0.01s
[2023-09-10T21:19:12.158-0100][2.078s] GC(1) Pause Young (Normal) (G1 Evacuation Pause)
[2023-09-10T21:19:12.158-0100][2.078s] GC(1) Using 10 workers of 10 for evacuation
[2023-09-10T21:19:12.171-0100][2.090s] GC(1)   Pre Evacuate Collection Set: 0.1ms
[2023-09-10T21:19:12.171-0100][2.090s] GC(1)   Merge Heap Roots: 0.1ms
[2023-09-10T21:19:12.171-0100][2.090s] GC(1)   Evacuate Collection Set: 11.0ms
[2023-09-10T21:19:12.171-0100][2.090s] GC(1)   Post Evacuate Collection Set: 0.9ms
[2023-09-10T21:19:12.171-0100][2.091s] GC(1)   Other: 0.2ms
[2023-09-10T21:19:12.171-0100][2.091s] GC(1) Eden regions: 52->0(300)
[2023-09-10T21:19:12.171-0100][2.091s] GC(1) Survivor regions: 3->7(7)
[2023-09-10T21:19:12.171-0100][2.091s] GC(1) Old regions: 0->6
[2023-09-10T21:19:12.171-0100][2.091s] GC(1) Archive regions: 2->2
[2023-09-10T21:19:12.171-0100][2.091s] GC(1) Humongous regions: 4->4
[2023-09-10T21:19:12.171-0100][2.091s] GC(1) Metaspace: 17790K(18560K)->17790K(18560K) NonClass: 15649K(16128K)->15649K(16128K) Class: 2140K(2432K)->2140K(2432K)
[2023-09-10T21:19:12.171-0100][2.091s] GC(1) Pause Young (Normal) (G1 Evacuation Pause) 59M->17M(512M) 12.782ms
[2023-09-10T21:19:12.171-0100][2.091s] GC(1) User=0.07s Sys=0.00s Real=0.02s
[2023-09-10T21:19:12.849-0100][2.769s] GC(2) Pause Young (Concurrent Start) (Metadata GC Threshold)
[2023-09-10T21:19:12.849-0100][2.769s] GC(2) Using 10 workers of 10 for evacuation
[2023-09-10T21:19:12.856-0100][2.775s] GC(2)   Pre Evacuate Collection Set: 0.1ms
[2023-09-10T21:19:12.856-0100][2.775s] GC(2)   Merge Heap Roots: 0.1ms
[2023-09-10T21:19:12.856-0100][2.775s] GC(2)   Evacuate Collection Set: 5.3ms
[2023-09-10T21:19:12.856-0100][2.775s] GC(2)   Post Evacuate Collection Set: 0.6ms
[2023-09-10T21:19:12.856-0100][2.775s] GC(2)   Other: 0.3ms
[2023-09-10T21:19:12.856-0100][2.775s] GC(2) Eden regions: 53->0(294)
[2023-09-10T21:19:12.856-0100][2.775s] GC(2) Survivor regions: 7->13(39)
[2023-09-10T21:19:12.856-0100][2.775s] GC(2) Old regions: 6->6
[2023-09-10T21:19:12.856-0100][2.775s] GC(2) Archive regions: 2->2
[2023-09-10T21:19:12.856-0100][2.776s] GC(2) Humongous regions: 4->4
[2023-09-10T21:19:12.856-0100][2.776s] GC(2) Metaspace: 20343K(21296K)->20343K(21296K) NonClass: 17906K(18608K)->17906K(18608K) Class: 2437K(2688K)->2437K(2688K)
[2023-09-10T21:19:12.856-0100][2.776s] GC(2) Pause Young (Concurrent Start) (Metadata GC Threshold) 70M->22M(512M) 6.620ms
[2023-09-10T21:19:12.856-0100][2.776s] GC(2) User=0.04s Sys=0.01s Real=0.01s
[2023-09-10T21:19:12.856-0100][2.776s] GC(3) Concurrent Cycle
[2023-09-10T21:19:12.856-0100][2.776s] GC(3) Concurrent Clear Claimed Marks
[2023-09-10T21:19:12.856-0100][2.776s] GC(3) Concurrent Clear Claimed Marks 0.077ms
[2023-09-10T21:19:12.856-0100][2.776s] GC(3) Concurrent Scan Root Regions
[2023-09-10T21:19:12.860-0100][2.780s] GC(3) Concurrent Scan Root Regions 4.122ms
[2023-09-10T21:19:12.860-0100][2.780s] GC(3) Concurrent Mark (2.780s)
[2023-09-10T21:19:12.860-0100][2.780s] GC(3) Concurrent Mark From Roots
[2023-09-10T21:19:12.860-0100][2.780s] GC(3) Using 3 workers of 3 for marking
[2023-09-10T21:19:12.868-0100][2.788s] GC(3) Concurrent Mark From Roots 8.066ms
[2023-09-10T21:19:12.868-0100][2.788s] GC(3) Concurrent Preclean
[2023-09-10T21:19:12.869-0100][2.788s] GC(3) Concurrent Preclean 0.058ms
[2023-09-10T21:19:12.869-0100][2.788s] GC(3) Concurrent Mark (2.780s, 2.788s) 8.211ms
[2023-09-10T21:19:12.869-0100][2.788s] GC(3) Pause Remark
[2023-09-10T21:19:12.871-0100][2.791s] GC(3) Pause Remark 23M->23M(512M) 2.534ms
[2023-09-10T21:19:12.871-0100][2.791s] GC(3) User=0.01s Sys=0.00s Real=0.01s
[2023-09-10T21:19:12.871-0100][2.791s] GC(3) Concurrent Rebuild Remembered Sets
[2023-09-10T21:19:12.876-0100][2.795s] GC(3) Concurrent Rebuild Remembered Sets 4.377ms
[2023-09-10T21:19:12.876-0100][2.796s] GC(3) Pause Cleanup
[2023-09-10T21:19:12.877-0100][2.796s] GC(3) Pause Cleanup 24M->24M(512M) 0.138ms
[2023-09-10T21:19:12.877-0100][2.796s] GC(3) User=0.00s Sys=0.00s Real=0.00s
[2023-09-10T21:19:12.877-0100][2.796s] GC(3) Concurrent Cleanup for Next Mark
[2023-09-10T21:19:12.877-0100][2.797s] GC(3) Concurrent Cleanup for Next Mark 0.784ms
[2023-09-10T21:19:12.878-0100][2.797s] GC(3) Concurrent Cycle 21.478ms
[2023-09-10T21:19:14.728-0100][4.648s] GC(4) Pause Young (Concurrent Start) (Metadata GC Threshold)
[2023-09-10T21:19:14.728-0100][4.648s] GC(4) Using 10 workers of 10 for evacuation
[2023-09-10T21:19:14.739-0100][4.659s] GC(4)   Pre Evacuate Collection Set: 0.2ms
[2023-09-10T21:19:14.739-0100][4.659s] GC(4)   Merge Heap Roots: 0.1ms
[2023-09-10T21:19:14.739-0100][4.659s] GC(4)   Evacuate Collection Set: 9.1ms
[2023-09-10T21:19:14.739-0100][4.659s] GC(4)   Post Evacuate Collection Set: 1.2ms
[2023-09-10T21:19:14.739-0100][4.659s] GC(4)   Other: 0.3ms
[2023-09-10T21:19:14.739-0100][4.659s] GC(4) Eden regions: 158->0(289)
[2023-09-10T21:19:14.739-0100][4.659s] GC(4) Survivor regions: 13->18(39)
[2023-09-10T21:19:14.739-0100][4.659s] GC(4) Old regions: 6->6
[2023-09-10T21:19:14.739-0100][4.659s] GC(4) Archive regions: 2->2
[2023-09-10T21:19:14.739-0100][4.659s] GC(4) Humongous regions: 5->4
[2023-09-10T21:19:14.739-0100][4.659s] GC(4) Metaspace: 34468K(35708K)->34468K(35708K) NonClass: 30296K(31100K)->30296K(31100K) Class: 4171K(4608K)->4171K(4608K)
[2023-09-10T21:19:14.740-0100][4.659s] GC(4) Pause Young (Concurrent Start) (Metadata GC Threshold) 181M->28M(512M) 11.221ms
[2023-09-10T21:19:14.740-0100][4.659s] GC(4) User=0.08s Sys=0.00s Real=0.02s
[2023-09-10T21:19:14.740-0100][4.659s] GC(5) Concurrent Cycle
[2023-09-10T21:19:14.740-0100][4.659s] GC(5) Concurrent Clear Claimed Marks
[2023-09-10T21:19:14.740-0100][4.659s] GC(5) Concurrent Clear Claimed Marks 0.077ms
[2023-09-10T21:19:14.740-0100][4.659s] GC(5) Concurrent Scan Root Regions
[2023-09-10T21:19:14.746-0100][4.665s] GC(5) Concurrent Scan Root Regions 6.008ms
[2023-09-10T21:19:14.746-0100][4.665s] GC(5) Concurrent Mark (4.665s)
[2023-09-10T21:19:14.746-0100][4.665s] GC(5) Concurrent Mark From Roots
[2023-09-10T21:19:14.746-0100][4.665s] GC(5) Using 3 workers of 3 for marking
[2023-09-10T21:19:14.754-0100][4.674s] GC(5) Concurrent Mark From Roots 8.245ms
[2023-09-10T21:19:14.754-0100][4.674s] GC(5) Concurrent Preclean
[2023-09-10T21:19:14.754-0100][4.674s] GC(5) Concurrent Preclean 0.056ms
[2023-09-10T21:19:14.754-0100][4.674s] GC(5) Concurrent Mark (4.665s, 4.674s) 8.398ms
[2023-09-10T21:19:14.754-0100][4.674s] GC(5) Pause Remark
[2023-09-10T21:19:14.756-0100][4.676s] GC(5) Pause Remark 30M->30M(512M) 1.905ms
[2023-09-10T21:19:14.756-0100][4.676s] GC(5) User=0.01s Sys=0.00s Real=0.00s
[2023-09-10T21:19:14.756-0100][4.676s] GC(5) Concurrent Rebuild Remembered Sets
[2023-09-10T21:19:14.762-0100][4.681s] GC(5) Concurrent Rebuild Remembered Sets 5.204ms
[2023-09-10T21:19:14.762-0100][4.682s] GC(5) Pause Cleanup
[2023-09-10T21:19:14.762-0100][4.682s] GC(5) Pause Cleanup 30M->30M(512M) 0.157ms
[2023-09-10T21:19:14.762-0100][4.682s] GC(5) User=0.00s Sys=0.00s Real=0.00s
[2023-09-10T21:19:14.762-0100][4.682s] GC(5) Concurrent Cleanup for Next Mark
[2023-09-10T21:19:14.763-0100][4.683s] GC(5) Concurrent Cleanup for Next Mark 0.907ms
[2023-09-10T21:19:14.763-0100][4.683s] GC(5) Concurrent Cycle 23.767ms
[2023-09-10T21:19:16.743-0100][6.663s] GC(6) Pause Young (Normal) (G1 Evacuation Pause)
[2023-09-10T21:19:16.743-0100][6.663s] GC(6) Using 10 workers of 10 for evacuation
[2023-09-10T21:19:16.757-0100][6.676s] GC(6)   Pre Evacuate Collection Set: 0.1ms
[2023-09-10T21:19:16.757-0100][6.676s] GC(6)   Merge Heap Roots: 0.1ms
[2023-09-10T21:19:16.757-0100][6.676s] GC(6)   Evacuate Collection Set: 12.0ms
[2023-09-10T21:19:16.757-0100][6.676s] GC(6)   Post Evacuate Collection Set: 1.4ms
[2023-09-10T21:19:16.757-0100][6.676s] GC(6)   Other: 0.2ms
[2023-09-10T21:19:16.757-0100][6.676s] GC(6) Eden regions: 289->0(277)
[2023-09-10T21:19:16.757-0100][6.676s] GC(6) Survivor regions: 18->30(39)
[2023-09-10T21:19:16.757-0100][6.676s] GC(6) Old regions: 6->6
[2023-09-10T21:19:16.757-0100][6.677s] GC(6) Archive regions: 2->2
[2023-09-10T21:19:16.757-0100][6.677s] GC(6) Humongous regions: 4->4
[2023-09-10T21:19:16.757-0100][6.677s] GC(6) Metaspace: 52739K(54268K)->52739K(54268K) NonClass: 46081K(46972K)->46081K(46972K) Class: 6657K(7296K)->6657K(7296K)
[2023-09-10T21:19:16.757-0100][6.677s] GC(6) Pause Young (Normal) (G1 Evacuation Pause) 317M->40M(512M) 13.996ms
[2023-09-10T21:19:16.757-0100][6.677s] GC(6) User=0.13s Sys=0.00s Real=0.01s
[2023-09-10T21:35:05.329-0100][955.247s] Heap
[2023-09-10T21:35:05.329-0100][955.248s]  garbage-first heap   total 524288K, used 93615K [0x00000007e0000000, 0x0000000800000000)
[2023-09-10T21:35:05.329-0100][955.248s]   region size 1024K, 82 young (83968K), 30 survivors (30720K)
[2023-09-10T21:35:05.329-0100][955.248s]  Metaspace       used 56585K, capacity 58155K, committed 58364K, reserved 1099776K
[2023-09-10T21:35:05.329-0100][955.248s]   class space    used 7153K, capacity 7730K, committed 7808K, reserved 1048576K
