[2023-09-10T21:46:49.340-0100][0.012s] Heap region size: 1M
[2023-09-10T21:46:49.341-0100][0.012s] Heap address: 0x00000007e0000000, size: 512 MB, Compressed Oops mode: Zero based, Oop shift amount: 3
[2023-09-10T21:46:49.608-0100][0.280s] Using G1
[2023-09-10T21:46:49.609-0100][0.281s] Mark closed archive regions in map: [0x00000007fff00000, 0x00000007fff7aff8]
[2023-09-10T21:46:49.610-0100][0.281s] Mark open archive regions in map: [0x00000007ffe00000, 0x00000007ffe50ff8]
[2023-09-10T21:46:49.635-0100][0.306s] Periodic GC disabled
[2023-09-10T21:46:50.188-0100][0.859s] GC(0) Pause Young (Normal) (G1 Evacuation Pause)
[2023-09-10T21:46:50.188-0100][0.859s] GC(0) Using 10 workers of 10 for evacuation
[2023-09-10T21:46:50.191-0100][0.862s] GC(0)   Pre Evacuate Collection Set: 0.1ms
[2023-09-10T21:46:50.191-0100][0.862s] GC(0)   Merge Heap Roots: 0.1ms
[2023-09-10T21:46:50.191-0100][0.862s] GC(0)   Evacuate Collection Set: 2.0ms
[2023-09-10T21:46:50.191-0100][0.862s] GC(0)   Post Evacuate Collection Set: 0.4ms
[2023-09-10T21:46:50.191-0100][0.862s] GC(0)   Other: 0.6ms
[2023-09-10T21:46:50.191-0100][0.862s] GC(0) Eden regions: 29->0(52)
[2023-09-10T21:46:50.191-0100][0.862s] GC(0) Survivor regions: 0->3(4)
[2023-09-10T21:46:50.191-0100][0.862s] GC(0) Old regions: 0->0
[2023-09-10T21:46:50.191-0100][0.862s] GC(0) Archive regions: 2->2
[2023-09-10T21:46:50.191-0100][0.862s] GC(0) Humongous regions: 0->0
[2023-09-10T21:46:50.191-0100][0.862s] GC(0) Metaspace: 5741K(7296K)->5741K(7296K) NonClass: 5071K(6400K)->5071K(6400K) Class: 669K(896K)->669K(896K)
[2023-09-10T21:46:50.191-0100][0.862s] GC(0) Pause Young (Normal) (G1 Evacuation Pause) 29M->3M(512M) 3.406ms
[2023-09-10T21:46:50.191-0100][0.862s] GC(0) User=0.02s Sys=0.01s Real=0.01s
[2023-09-10T21:46:51.008-0100][1.679s] GC(1) Pause Young (Normal) (G1 Evacuation Pause)
[2023-09-10T21:46:51.008-0100][1.679s] GC(1) Using 10 workers of 10 for evacuation
[2023-09-10T21:46:51.017-0100][1.688s] GC(1)   Pre Evacuate Collection Set: 0.1ms
[2023-09-10T21:46:51.017-0100][1.688s] GC(1)   Merge Heap Roots: 0.1ms
[2023-09-10T21:46:51.017-0100][1.688s] GC(1)   Evacuate Collection Set: 8.0ms
[2023-09-10T21:46:51.017-0100][1.688s] GC(1)   Post Evacuate Collection Set: 0.7ms
[2023-09-10T21:46:51.017-0100][1.688s] GC(1)   Other: 0.2ms
[2023-09-10T21:46:51.017-0100][1.688s] GC(1) Eden regions: 52->0(300)
[2023-09-10T21:46:51.017-0100][1.688s] GC(1) Survivor regions: 3->7(7)
[2023-09-10T21:46:51.017-0100][1.688s] GC(1) Old regions: 0->6
[2023-09-10T21:46:51.017-0100][1.688s] GC(1) Archive regions: 2->2
[2023-09-10T21:46:51.017-0100][1.688s] GC(1) Humongous regions: 4->4
[2023-09-10T21:46:51.017-0100][1.688s] GC(1) Metaspace: 17815K(18560K)->17815K(18560K) NonClass: 15666K(16128K)->15666K(16128K) Class: 2149K(2432K)->2149K(2432K)
[2023-09-10T21:46:51.017-0100][1.688s] GC(1) Pause Young (Normal) (G1 Evacuation Pause) 59M->17M(512M) 9.431ms
[2023-09-10T21:46:51.017-0100][1.689s] GC(1) User=0.07s Sys=0.01s Real=0.01s
[2023-09-10T21:46:51.468-0100][2.139s] GC(2) Pause Young (Concurrent Start) (Metadata GC Threshold)
[2023-09-10T21:46:51.468-0100][2.139s] GC(2) Using 10 workers of 10 for evacuation
[2023-09-10T21:46:51.474-0100][2.146s] GC(2)   Pre Evacuate Collection Set: 0.1ms
[2023-09-10T21:46:51.474-0100][2.146s] GC(2)   Merge Heap Roots: 0.1ms
[2023-09-10T21:46:51.474-0100][2.146s] GC(2)   Evacuate Collection Set: 5.3ms
[2023-09-10T21:46:51.474-0100][2.146s] GC(2)   Post Evacuate Collection Set: 0.5ms
[2023-09-10T21:46:51.474-0100][2.146s] GC(2)   Other: 0.3ms
[2023-09-10T21:46:51.474-0100][2.146s] GC(2) Eden regions: 53->0(180)
[2023-09-10T21:46:51.474-0100][2.146s] GC(2) Survivor regions: 7->13(39)
[2023-09-10T21:46:51.474-0100][2.146s] GC(2) Old regions: 6->6
[2023-09-10T21:46:51.474-0100][2.146s] GC(2) Archive regions: 2->2
[2023-09-10T21:46:51.474-0100][2.146s] GC(2) Humongous regions: 4->4
[2023-09-10T21:46:51.474-0100][2.146s] GC(2) Metaspace: 20309K(21296K)->20309K(21296K) NonClass: 17874K(18608K)->17874K(18608K) Class: 2435K(2688K)->2435K(2688K)
[2023-09-10T21:46:51.474-0100][2.146s] GC(2) Pause Young (Concurrent Start) (Metadata GC Threshold) 70M->23M(512M) 6.616ms
[2023-09-10T21:46:51.475-0100][2.146s] GC(2) User=0.06s Sys=0.01s Real=0.01s
[2023-09-10T21:46:51.475-0100][2.146s] GC(3) Concurrent Cycle
[2023-09-10T21:46:51.475-0100][2.146s] GC(3) Concurrent Clear Claimed Marks
[2023-09-10T21:46:51.475-0100][2.146s] GC(3) Concurrent Clear Claimed Marks 0.052ms
[2023-09-10T21:46:51.475-0100][2.146s] GC(3) Concurrent Scan Root Regions
[2023-09-10T21:46:51.478-0100][2.150s] GC(3) Concurrent Scan Root Regions 3.494ms
[2023-09-10T21:46:51.478-0100][2.150s] GC(3) Concurrent Mark (2.150s)
[2023-09-10T21:46:51.478-0100][2.150s] GC(3) Concurrent Mark From Roots
[2023-09-10T21:46:51.478-0100][2.150s] GC(3) Using 3 workers of 3 for marking
[2023-09-10T21:46:51.486-0100][2.157s] GC(3) Concurrent Mark From Roots 7.692ms
[2023-09-10T21:46:51.486-0100][2.157s] GC(3) Concurrent Preclean
[2023-09-10T21:46:51.486-0100][2.157s] GC(3) Concurrent Preclean 0.056ms
[2023-09-10T21:46:51.486-0100][2.157s] GC(3) Concurrent Mark (2.150s, 2.157s) 7.842ms
[2023-09-10T21:46:51.486-0100][2.158s] GC(3) Pause Remark
[2023-09-10T21:46:51.488-0100][2.159s] GC(3) Pause Remark 24M->24M(512M) 1.505ms
[2023-09-10T21:46:51.488-0100][2.159s] GC(3) User=0.01s Sys=0.00s Real=0.00s
[2023-09-10T21:46:51.488-0100][2.159s] GC(3) Concurrent Rebuild Remembered Sets
[2023-09-10T21:46:51.494-0100][2.165s] GC(3) Concurrent Rebuild Remembered Sets 5.659ms
[2023-09-10T21:46:51.494-0100][2.165s] GC(3) Pause Cleanup
[2023-09-10T21:46:51.494-0100][2.165s] GC(3) Pause Cleanup 24M->24M(512M) 0.161ms
[2023-09-10T21:46:51.494-0100][2.165s] GC(3) User=0.00s Sys=0.00s Real=0.00s
[2023-09-10T21:46:51.494-0100][2.166s] GC(3) Concurrent Cleanup for Next Mark
[2023-09-10T21:46:51.495-0100][2.166s] GC(3) Concurrent Cleanup for Next Mark 0.819ms
[2023-09-10T21:46:51.495-0100][2.166s] GC(3) Concurrent Cycle 20.559ms
[2023-09-10T21:46:53.101-0100][3.772s] GC(4) Pause Young (Concurrent Start) (Metadata GC Threshold)
[2023-09-10T21:46:53.101-0100][3.773s] GC(4) Using 10 workers of 10 for evacuation
[2023-09-10T21:46:53.111-0100][3.782s] GC(4)   Pre Evacuate Collection Set: 0.3ms
[2023-09-10T21:46:53.111-0100][3.782s] GC(4)   Merge Heap Roots: 0.1ms
[2023-09-10T21:46:53.111-0100][3.782s] GC(4)   Evacuate Collection Set: 7.8ms
[2023-09-10T21:46:53.111-0100][3.782s] GC(4)   Post Evacuate Collection Set: 1.3ms
[2023-09-10T21:46:53.111-0100][3.783s] GC(4)   Other: 0.5ms
[2023-09-10T21:46:53.111-0100][3.783s] GC(4) Eden regions: 158->0(289)
[2023-09-10T21:46:53.111-0100][3.783s] GC(4) Survivor regions: 13->18(27)
[2023-09-10T21:46:53.111-0100][3.783s] GC(4) Old regions: 6->6
[2023-09-10T21:46:53.111-0100][3.783s] GC(4) Archive regions: 2->2
[2023-09-10T21:46:53.111-0100][3.783s] GC(4) Humongous regions: 5->4
[2023-09-10T21:46:53.111-0100][3.783s] GC(4) Metaspace: 34874K(36048K)->34874K(36048K) NonClass: 30637K(31440K)->30637K(31440K) Class: 4237K(4608K)->4237K(4608K)
[2023-09-10T21:46:53.111-0100][3.783s] GC(4) Pause Young (Concurrent Start) (Metadata GC Threshold) 182M->28M(512M) 10.202ms
[2023-09-10T21:46:53.111-0100][3.783s] GC(4) User=0.09s Sys=0.01s Real=0.01s
[2023-09-10T21:46:53.112-0100][3.783s] GC(5) Concurrent Cycle
[2023-09-10T21:46:53.112-0100][3.783s] GC(5) Concurrent Clear Claimed Marks
[2023-09-10T21:46:53.112-0100][3.783s] GC(5) Concurrent Clear Claimed Marks 0.151ms
[2023-09-10T21:46:53.112-0100][3.783s] GC(5) Concurrent Scan Root Regions
[2023-09-10T21:46:53.117-0100][3.789s] GC(5) Concurrent Scan Root Regions 5.488ms
[2023-09-10T21:46:53.117-0100][3.789s] GC(5) Concurrent Mark (3.789s)
[2023-09-10T21:46:53.118-0100][3.789s] GC(5) Concurrent Mark From Roots
[2023-09-10T21:46:53.118-0100][3.789s] GC(5) Using 3 workers of 3 for marking
[2023-09-10T21:46:53.126-0100][3.797s] GC(5) Concurrent Mark From Roots 8.633ms
[2023-09-10T21:46:53.126-0100][3.797s] GC(5) Concurrent Preclean
[2023-09-10T21:46:53.126-0100][3.798s] GC(5) Concurrent Preclean 0.048ms
[2023-09-10T21:46:53.126-0100][3.798s] GC(5) Concurrent Mark (3.789s, 3.798s) 8.776ms
[2023-09-10T21:46:53.126-0100][3.798s] GC(5) Pause Remark
[2023-09-10T21:46:53.128-0100][3.799s] GC(5) Pause Remark 30M->30M(512M) 1.649ms
[2023-09-10T21:46:53.128-0100][3.799s] GC(5) User=0.02s Sys=0.00s Real=0.00s
[2023-09-10T21:46:53.128-0100][3.799s] GC(5) Concurrent Rebuild Remembered Sets
[2023-09-10T21:46:53.135-0100][3.806s] GC(5) Concurrent Rebuild Remembered Sets 6.548ms
[2023-09-10T21:46:53.136-0100][3.808s] GC(5) Pause Cleanup
[2023-09-10T21:46:53.136-0100][3.808s] GC(5) Pause Cleanup 30M->30M(512M) 0.204ms
[2023-09-10T21:46:53.136-0100][3.808s] GC(5) User=0.00s Sys=0.00s Real=0.00s
[2023-09-10T21:46:53.137-0100][3.808s] GC(5) Concurrent Cleanup for Next Mark
[2023-09-10T21:46:53.138-0100][3.809s] GC(5) Concurrent Cleanup for Next Mark 1.095ms
[2023-09-10T21:46:53.138-0100][3.809s] GC(5) Concurrent Cycle 26.120ms
[2023-09-10T21:46:56.425-0100][7.096s] GC(6) Pause Young (Normal) (G1 Evacuation Pause)
[2023-09-10T21:46:56.425-0100][7.096s] GC(6) Using 10 workers of 10 for evacuation
[2023-09-10T21:46:56.439-0100][7.111s] GC(6)   Pre Evacuate Collection Set: 0.1ms
[2023-09-10T21:46:56.439-0100][7.111s] GC(6)   Merge Heap Roots: 0.1ms
[2023-09-10T21:46:56.439-0100][7.111s] GC(6)   Evacuate Collection Set: 12.5ms
[2023-09-10T21:46:56.439-0100][7.111s] GC(6)   Post Evacuate Collection Set: 1.3ms
[2023-09-10T21:46:56.439-0100][7.111s] GC(6)   Other: 0.3ms
[2023-09-10T21:46:56.439-0100][7.111s] GC(6) Eden regions: 289->0(277)
[2023-09-10T21:46:56.439-0100][7.111s] GC(6) Survivor regions: 18->30(39)
[2023-09-10T21:46:56.439-0100][7.111s] GC(6) Old regions: 6->6
[2023-09-10T21:46:56.439-0100][7.111s] GC(6) Archive regions: 2->2
[2023-09-10T21:46:56.439-0100][7.111s] GC(6) Humongous regions: 4->4
[2023-09-10T21:46:56.439-0100][7.111s] GC(6) Metaspace: 53530K(55248K)->53530K(55248K) NonClass: 46754K(47824K)->46754K(47824K) Class: 6776K(7424K)->6776K(7424K)
[2023-09-10T21:46:56.439-0100][7.111s] GC(6) Pause Young (Normal) (G1 Evacuation Pause) 317M->40M(512M) 14.474ms
[2023-09-10T21:46:56.439-0100][7.111s] GC(6) User=0.13s Sys=0.00s Real=0.01s
[2023-09-10T21:47:50.351-0100][61.023s] Heap
[2023-09-10T21:47:50.351-0100][61.023s]  garbage-first heap   total 524288K, used 64302K [0x00000007e0000000, 0x0000000800000000)
[2023-09-10T21:47:50.352-0100][61.023s]   region size 1024K, 53 young (54272K), 30 survivors (30720K)
[2023-09-10T21:47:50.352-0100][61.023s]  Metaspace       used 54311K, capacity 55841K, committed 56144K, reserved 1097728K
[2023-09-10T21:47:50.352-0100][61.023s]   class space    used 6889K, capacity 7482K, committed 7552K, reserved 1048576K
