[2023-09-10T21:44:57.930-0100][0.011s] Heap region size: 1M
[2023-09-10T21:44:57.931-0100][0.011s] Heap address: 0x00000007e0000000, size: 512 MB, Compressed Oops mode: Zero based, Oop shift amount: 3
[2023-09-10T21:44:58.200-0100][0.281s] Using G1
[2023-09-10T21:44:58.201-0100][0.282s] Mark closed archive regions in map: [0x00000007fff00000, 0x00000007fff7aff8]
[2023-09-10T21:44:58.201-0100][0.282s] Mark open archive regions in map: [0x00000007ffe00000, 0x00000007ffe50ff8]
[2023-09-10T21:44:58.228-0100][0.309s] Periodic GC disabled
[2023-09-10T21:44:58.840-0100][0.921s] GC(0) Pause Young (Normal) (G1 Evacuation Pause)
[2023-09-10T21:44:58.841-0100][0.921s] GC(0) Using 10 workers of 10 for evacuation
[2023-09-10T21:44:58.843-0100][0.924s] GC(0)   Pre Evacuate Collection Set: 0.1ms
[2023-09-10T21:44:58.843-0100][0.924s] GC(0)   Merge Heap Roots: 0.1ms
[2023-09-10T21:44:58.843-0100][0.924s] GC(0)   Evacuate Collection Set: 1.7ms
[2023-09-10T21:44:58.843-0100][0.924s] GC(0)   Post Evacuate Collection Set: 0.4ms
[2023-09-10T21:44:58.843-0100][0.924s] GC(0)   Other: 0.7ms
[2023-09-10T21:44:58.843-0100][0.924s] GC(0) Eden regions: 29->0(52)
[2023-09-10T21:44:58.843-0100][0.924s] GC(0) Survivor regions: 0->3(4)
[2023-09-10T21:44:58.843-0100][0.924s] GC(0) Old regions: 0->0
[2023-09-10T21:44:58.843-0100][0.924s] GC(0) Archive regions: 2->2
[2023-09-10T21:44:58.843-0100][0.924s] GC(0) Humongous regions: 0->0
[2023-09-10T21:44:58.843-0100][0.924s] GC(0) Metaspace: 5776K(7552K)->5776K(7552K) NonClass: 5105K(6656K)->5105K(6656K) Class: 671K(896K)->671K(896K)
[2023-09-10T21:44:58.843-0100][0.924s] GC(0) Pause Young (Normal) (G1 Evacuation Pause) 29M->3M(512M) 3.115ms
[2023-09-10T21:44:58.844-0100][0.924s] GC(0) User=0.01s Sys=0.01s Real=0.00s
[2023-09-10T21:44:59.694-0100][1.774s] GC(1) Pause Young (Normal) (G1 Evacuation Pause)
[2023-09-10T21:44:59.694-0100][1.774s] GC(1) Using 10 workers of 10 for evacuation
[2023-09-10T21:44:59.703-0100][1.783s] GC(1)   Pre Evacuate Collection Set: 0.1ms
[2023-09-10T21:44:59.703-0100][1.783s] GC(1)   Merge Heap Roots: 0.1ms
[2023-09-10T21:44:59.703-0100][1.783s] GC(1)   Evacuate Collection Set: 8.0ms
[2023-09-10T21:44:59.703-0100][1.783s] GC(1)   Post Evacuate Collection Set: 0.6ms
[2023-09-10T21:44:59.703-0100][1.783s] GC(1)   Other: 0.2ms
[2023-09-10T21:44:59.703-0100][1.783s] GC(1) Eden regions: 52->0(300)
[2023-09-10T21:44:59.703-0100][1.783s] GC(1) Survivor regions: 3->7(7)
[2023-09-10T21:44:59.703-0100][1.783s] GC(1) Old regions: 0->6
[2023-09-10T21:44:59.703-0100][1.783s] GC(1) Archive regions: 2->2
[2023-09-10T21:44:59.703-0100][1.783s] GC(1) Humongous regions: 4->4
[2023-09-10T21:44:59.703-0100][1.783s] GC(1) Metaspace: 17920K(18816K)->17920K(18816K) NonClass: 15764K(16384K)->15764K(16384K) Class: 2155K(2432K)->2155K(2432K)
[2023-09-10T21:44:59.703-0100][1.783s] GC(1) Pause Young (Normal) (G1 Evacuation Pause) 59M->17M(512M) 9.090ms
[2023-09-10T21:44:59.703-0100][1.783s] GC(1) User=0.09s Sys=0.00s Real=0.01s
[2023-09-10T21:45:00.226-0100][2.307s] GC(2) Pause Young (Concurrent Start) (Metadata GC Threshold)
[2023-09-10T21:45:00.226-0100][2.307s] GC(2) Using 10 workers of 10 for evacuation
[2023-09-10T21:45:00.234-0100][2.315s] GC(2)   Pre Evacuate Collection Set: 0.1ms
[2023-09-10T21:45:00.234-0100][2.315s] GC(2)   Merge Heap Roots: 0.1ms
[2023-09-10T21:45:00.234-0100][2.315s] GC(2)   Evacuate Collection Set: 5.9ms
[2023-09-10T21:45:00.234-0100][2.315s] GC(2)   Post Evacuate Collection Set: 1.9ms
[2023-09-10T21:45:00.234-0100][2.315s] GC(2)   Other: 0.3ms
[2023-09-10T21:45:00.234-0100][2.315s] GC(2) Eden regions: 52->0(294)
[2023-09-10T21:45:00.234-0100][2.315s] GC(2) Survivor regions: 7->13(39)
[2023-09-10T21:45:00.234-0100][2.315s] GC(2) Old regions: 6->6
[2023-09-10T21:45:00.234-0100][2.315s] GC(2) Archive regions: 2->2
[2023-09-10T21:45:00.234-0100][2.315s] GC(2) Humongous regions: 4->4
[2023-09-10T21:45:00.235-0100][2.315s] GC(2) Metaspace: 20338K(21296K)->20338K(21296K) NonClass: 17902K(18608K)->17902K(18608K) Class: 2435K(2688K)->2435K(2688K)
[2023-09-10T21:45:00.235-0100][2.315s] GC(2) Pause Young (Concurrent Start) (Metadata GC Threshold) 69M->23M(512M) 8.607ms
[2023-09-10T21:45:00.235-0100][2.315s] GC(2) User=0.06s Sys=0.00s Real=0.01s
[2023-09-10T21:45:00.235-0100][2.316s] GC(3) Concurrent Cycle
[2023-09-10T21:45:00.235-0100][2.316s] GC(3) Concurrent Clear Claimed Marks
[2023-09-10T21:45:00.235-0100][2.316s] GC(3) Concurrent Clear Claimed Marks 0.071ms
[2023-09-10T21:45:00.235-0100][2.316s] GC(3) Concurrent Scan Root Regions
[2023-09-10T21:45:00.241-0100][2.321s] GC(3) Concurrent Scan Root Regions 5.522ms
[2023-09-10T21:45:00.241-0100][2.321s] GC(3) Concurrent Mark (2.321s)
[2023-09-10T21:45:00.241-0100][2.321s] GC(3) Concurrent Mark From Roots
[2023-09-10T21:45:00.241-0100][2.321s] GC(3) Using 3 workers of 3 for marking
[2023-09-10T21:45:00.252-0100][2.332s] GC(3) Concurrent Mark From Roots 10.836ms
[2023-09-10T21:45:00.252-0100][2.332s] GC(3) Concurrent Preclean
[2023-09-10T21:45:00.252-0100][2.332s] GC(3) Concurrent Preclean 0.062ms
[2023-09-10T21:45:00.252-0100][2.332s] GC(3) Concurrent Mark (2.321s, 2.332s) 10.995ms
[2023-09-10T21:45:00.252-0100][2.333s] GC(3) Pause Remark
[2023-09-10T21:45:00.254-0100][2.334s] GC(3) Pause Remark 24M->24M(512M) 1.553ms
[2023-09-10T21:45:00.254-0100][2.334s] GC(3) User=0.01s Sys=0.00s Real=0.00s
[2023-09-10T21:45:00.254-0100][2.334s] GC(3) Concurrent Rebuild Remembered Sets
[2023-09-10T21:45:00.258-0100][2.339s] GC(3) Concurrent Rebuild Remembered Sets 4.646ms
[2023-09-10T21:45:00.259-0100][2.340s] GC(3) Pause Cleanup
[2023-09-10T21:45:00.259-0100][2.340s] GC(3) Pause Cleanup 24M->24M(512M) 0.139ms
[2023-09-10T21:45:00.259-0100][2.340s] GC(3) User=0.00s Sys=0.00s Real=0.00s
[2023-09-10T21:45:00.259-0100][2.340s] GC(3) Concurrent Cleanup for Next Mark
[2023-09-10T21:45:00.260-0100][2.341s] GC(3) Concurrent Cleanup for Next Mark 1.089ms
[2023-09-10T21:45:00.260-0100][2.341s] GC(3) Concurrent Cycle 25.275ms
[2023-09-10T21:45:02.031-0100][4.111s] GC(4) Pause Young (Concurrent Start) (Metadata GC Threshold)
[2023-09-10T21:45:02.031-0100][4.111s] GC(4) Using 10 workers of 10 for evacuation
[2023-09-10T21:45:02.041-0100][4.121s] GC(4)   Pre Evacuate Collection Set: 0.2ms
[2023-09-10T21:45:02.041-0100][4.121s] GC(4)   Merge Heap Roots: 0.1ms
[2023-09-10T21:45:02.041-0100][4.121s] GC(4)   Evacuate Collection Set: 8.1ms
[2023-09-10T21:45:02.041-0100][4.121s] GC(4)   Post Evacuate Collection Set: 1.3ms
[2023-09-10T21:45:02.041-0100][4.121s] GC(4)   Other: 0.3ms
[2023-09-10T21:45:02.041-0100][4.121s] GC(4) Eden regions: 148->0(289)
[2023-09-10T21:45:02.041-0100][4.121s] GC(4) Survivor regions: 13->18(39)
[2023-09-10T21:45:02.041-0100][4.121s] GC(4) Old regions: 6->6
[2023-09-10T21:45:02.041-0100][4.121s] GC(4) Archive regions: 2->2
[2023-09-10T21:45:02.041-0100][4.121s] GC(4) Humongous regions: 5->4
[2023-09-10T21:45:02.041-0100][4.121s] GC(4) Metaspace: 34480K(35708K)->34480K(35708K) NonClass: 30306K(31100K)->30306K(31100K) Class: 4174K(4608K)->4174K(4608K)
[2023-09-10T21:45:02.041-0100][4.122s] GC(4) Pause Young (Concurrent Start) (Metadata GC Threshold) 172M->28M(512M) 10.273ms
[2023-09-10T21:45:02.041-0100][4.122s] GC(4) User=0.08s Sys=0.00s Real=0.01s
[2023-09-10T21:45:02.041-0100][4.122s] GC(5) Concurrent Cycle
[2023-09-10T21:45:02.041-0100][4.122s] GC(5) Concurrent Clear Claimed Marks
[2023-09-10T21:45:02.041-0100][4.122s] GC(5) Concurrent Clear Claimed Marks 0.081ms
[2023-09-10T21:45:02.041-0100][4.122s] GC(5) Concurrent Scan Root Regions
[2023-09-10T21:45:02.047-0100][4.128s] GC(5) Concurrent Scan Root Regions 5.965ms
[2023-09-10T21:45:02.047-0100][4.128s] GC(5) Concurrent Mark (4.128s)
[2023-09-10T21:45:02.047-0100][4.128s] GC(5) Concurrent Mark From Roots
[2023-09-10T21:45:02.047-0100][4.128s] GC(5) Using 3 workers of 3 for marking
[2023-09-10T21:45:02.057-0100][4.138s] GC(5) Concurrent Mark From Roots 9.729ms
[2023-09-10T21:45:02.057-0100][4.138s] GC(5) Concurrent Preclean
[2023-09-10T21:45:02.057-0100][4.138s] GC(5) Concurrent Preclean 0.064ms
[2023-09-10T21:45:02.057-0100][4.138s] GC(5) Concurrent Mark (4.128s, 4.138s) 9.888ms
[2023-09-10T21:45:02.058-0100][4.138s] GC(5) Pause Remark
[2023-09-10T21:45:02.060-0100][4.140s] GC(5) Pause Remark 29M->29M(512M) 1.879ms
[2023-09-10T21:45:02.060-0100][4.140s] GC(5) User=0.01s Sys=0.00s Real=0.01s
[2023-09-10T21:45:02.060-0100][4.140s] GC(5) Concurrent Rebuild Remembered Sets
[2023-09-10T21:45:02.066-0100][4.146s] GC(5) Concurrent Rebuild Remembered Sets 5.854ms
[2023-09-10T21:45:02.066-0100][4.147s] GC(5) Pause Cleanup
[2023-09-10T21:45:02.066-0100][4.147s] GC(5) Pause Cleanup 30M->30M(512M) 0.184ms
[2023-09-10T21:45:02.066-0100][4.147s] GC(5) User=0.00s Sys=0.00s Real=0.00s
[2023-09-10T21:45:02.066-0100][4.147s] GC(5) Concurrent Cleanup for Next Mark
[2023-09-10T21:45:02.069-0100][4.149s] GC(5) Concurrent Cleanup for Next Mark 2.290ms
[2023-09-10T21:45:02.069-0100][4.149s] GC(5) Concurrent Cycle 27.732ms
[2023-09-10T21:45:04.123-0100][6.204s] GC(6) Pause Young (Normal) (G1 Evacuation Pause)
[2023-09-10T21:45:04.123-0100][6.204s] GC(6) Using 10 workers of 10 for evacuation
[2023-09-10T21:45:04.139-0100][6.219s] GC(6)   Pre Evacuate Collection Set: 0.1ms
[2023-09-10T21:45:04.139-0100][6.219s] GC(6)   Merge Heap Roots: 0.1ms
[2023-09-10T21:45:04.139-0100][6.220s] GC(6)   Evacuate Collection Set: 13.7ms
[2023-09-10T21:45:04.139-0100][6.220s] GC(6)   Post Evacuate Collection Set: 1.6ms
[2023-09-10T21:45:04.139-0100][6.220s] GC(6)   Other: 0.3ms
[2023-09-10T21:45:04.139-0100][6.220s] GC(6) Eden regions: 289->0(277)
[2023-09-10T21:45:04.139-0100][6.220s] GC(6) Survivor regions: 18->30(39)
[2023-09-10T21:45:04.139-0100][6.220s] GC(6) Old regions: 6->6
[2023-09-10T21:45:04.139-0100][6.220s] GC(6) Archive regions: 2->2
[2023-09-10T21:45:04.139-0100][6.220s] GC(6) Humongous regions: 4->4
[2023-09-10T21:45:04.139-0100][6.220s] GC(6) Metaspace: 52776K(54524K)->52776K(54524K) NonClass: 46107K(47228K)->46107K(47228K) Class: 6669K(7296K)->6669K(7296K)
[2023-09-10T21:45:04.139-0100][6.220s] GC(6) Pause Young (Normal) (G1 Evacuation Pause) 317M->40M(512M) 16.048ms
[2023-09-10T21:45:04.139-0100][6.220s] GC(6) User=0.14s Sys=0.01s Real=0.01s
[2023-09-10T21:46:45.157-0100][107.237s] Heap
[2023-09-10T21:46:45.157-0100][107.237s]  garbage-first heap   total 524288K, used 67301K [0x00000007e0000000, 0x0000000800000000)
[2023-09-10T21:46:45.157-0100][107.237s]   region size 1024K, 56 young (57344K), 30 survivors (30720K)
[2023-09-10T21:46:45.157-0100][107.237s]  Metaspace       used 54371K, capacity 55933K, committed 56060K, reserved 1097728K
[2023-09-10T21:46:45.157-0100][107.237s]   class space    used 6887K, capacity 7477K, committed 7552K, reserved 1048576K
