[2023-09-10T21:35:08.361-0100][0.011s] Heap region size: 1M
[2023-09-10T21:35:08.361-0100][0.011s] Heap address: 0x00000007e0000000, size: 512 MB, Compressed Oops mode: Zero based, Oop shift amount: 3
[2023-09-10T21:35:08.626-0100][0.276s] Using G1
[2023-09-10T21:35:08.627-0100][0.277s] Mark closed archive regions in map: [0x00000007fff00000, 0x00000007fff7aff8]
[2023-09-10T21:35:08.627-0100][0.277s] Mark open archive regions in map: [0x00000007ffe00000, 0x00000007ffe50ff8]
[2023-09-10T21:35:08.651-0100][0.301s] Periodic GC disabled
[2023-09-10T21:35:09.263-0100][0.913s] GC(0) Pause Young (Normal) (G1 Evacuation Pause)
[2023-09-10T21:35:09.264-0100][0.914s] GC(0) Using 10 workers of 10 for evacuation
[2023-09-10T21:35:09.266-0100][0.917s] GC(0)   Pre Evacuate Collection Set: 0.1ms
[2023-09-10T21:35:09.266-0100][0.917s] GC(0)   Merge Heap Roots: 0.1ms
[2023-09-10T21:35:09.266-0100][0.917s] GC(0)   Evacuate Collection Set: 1.9ms
[2023-09-10T21:35:09.266-0100][0.917s] GC(0)   Post Evacuate Collection Set: 0.4ms
[2023-09-10T21:35:09.266-0100][0.917s] GC(0)   Other: 1.1ms
[2023-09-10T21:35:09.267-0100][0.917s] GC(0) Eden regions: 29->0(52)
[2023-09-10T21:35:09.267-0100][0.917s] GC(0) Survivor regions: 0->3(4)
[2023-09-10T21:35:09.267-0100][0.917s] GC(0) Old regions: 0->0
[2023-09-10T21:35:09.267-0100][0.917s] GC(0) Archive regions: 2->2
[2023-09-10T21:35:09.267-0100][0.917s] GC(0) Humongous regions: 0->0
[2023-09-10T21:35:09.267-0100][0.917s] GC(0) Metaspace: 5756K(7296K)->5756K(7296K) NonClass: 5087K(6400K)->5087K(6400K) Class: 669K(896K)->669K(896K)
[2023-09-10T21:35:09.267-0100][0.917s] GC(0) Pause Young (Normal) (G1 Evacuation Pause) 29M->3M(512M) 3.779ms
[2023-09-10T21:35:09.267-0100][0.917s] GC(0) User=0.02s Sys=0.00s Real=0.00s
[2023-09-10T21:35:10.175-0100][1.825s] GC(1) Pause Young (Normal) (G1 Evacuation Pause)
[2023-09-10T21:35:10.176-0100][1.826s] GC(1) Using 10 workers of 10 for evacuation
[2023-09-10T21:35:10.185-0100][1.835s] GC(1)   Pre Evacuate Collection Set: 0.1ms
[2023-09-10T21:35:10.185-0100][1.835s] GC(1)   Merge Heap Roots: 0.1ms
[2023-09-10T21:35:10.185-0100][1.835s] GC(1)   Evacuate Collection Set: 8.2ms
[2023-09-10T21:35:10.185-0100][1.835s] GC(1)   Post Evacuate Collection Set: 0.6ms
[2023-09-10T21:35:10.185-0100][1.835s] GC(1)   Other: 0.5ms
[2023-09-10T21:35:10.185-0100][1.835s] GC(1) Eden regions: 52->0(300)
[2023-09-10T21:35:10.185-0100][1.835s] GC(1) Survivor regions: 3->7(7)
[2023-09-10T21:35:10.185-0100][1.835s] GC(1) Old regions: 0->6
[2023-09-10T21:35:10.185-0100][1.835s] GC(1) Archive regions: 2->2
[2023-09-10T21:35:10.185-0100][1.835s] GC(1) Humongous regions: 4->4
[2023-09-10T21:35:10.185-0100][1.835s] GC(1) Metaspace: 17803K(18560K)->17803K(18560K) NonClass: 15656K(16128K)->15656K(16128K) Class: 2146K(2432K)->2146K(2432K)
[2023-09-10T21:35:10.185-0100][1.835s] GC(1) Pause Young (Normal) (G1 Evacuation Pause) 59M->17M(512M) 9.808ms
[2023-09-10T21:35:10.185-0100][1.835s] GC(1) User=0.08s Sys=0.00s Real=0.01s
[2023-09-10T21:35:10.734-0100][2.384s] GC(2) Pause Young (Concurrent Start) (Metadata GC Threshold)
[2023-09-10T21:35:10.734-0100][2.384s] GC(2) Using 10 workers of 10 for evacuation
[2023-09-10T21:35:10.740-0100][2.391s] GC(2)   Pre Evacuate Collection Set: 0.2ms
[2023-09-10T21:35:10.740-0100][2.391s] GC(2)   Merge Heap Roots: 0.1ms
[2023-09-10T21:35:10.740-0100][2.391s] GC(2)   Evacuate Collection Set: 5.5ms
[2023-09-10T21:35:10.740-0100][2.391s] GC(2)   Post Evacuate Collection Set: 0.5ms
[2023-09-10T21:35:10.740-0100][2.391s] GC(2)   Other: 0.3ms
[2023-09-10T21:35:10.740-0100][2.391s] GC(2) Eden regions: 52->0(294)
[2023-09-10T21:35:10.740-0100][2.391s] GC(2) Survivor regions: 7->13(39)
[2023-09-10T21:35:10.740-0100][2.391s] GC(2) Old regions: 6->6
[2023-09-10T21:35:10.740-0100][2.391s] GC(2) Archive regions: 2->2
[2023-09-10T21:35:10.740-0100][2.391s] GC(2) Humongous regions: 4->4
[2023-09-10T21:35:10.740-0100][2.391s] GC(2) Metaspace: 20335K(21296K)->20335K(21296K) NonClass: 17899K(18608K)->17899K(18608K) Class: 2436K(2688K)->2436K(2688K)
[2023-09-10T21:35:10.740-0100][2.391s] GC(2) Pause Young (Concurrent Start) (Metadata GC Threshold) 69M->22M(512M) 6.722ms
[2023-09-10T21:35:10.741-0100][2.391s] GC(2) User=0.06s Sys=0.00s Real=0.01s
[2023-09-10T21:35:10.741-0100][2.391s] GC(3) Concurrent Cycle
[2023-09-10T21:35:10.741-0100][2.391s] GC(3) Concurrent Clear Claimed Marks
[2023-09-10T21:35:10.741-0100][2.391s] GC(3) Concurrent Clear Claimed Marks 0.056ms
[2023-09-10T21:35:10.741-0100][2.391s] GC(3) Concurrent Scan Root Regions
[2023-09-10T21:35:10.745-0100][2.395s] GC(3) Concurrent Scan Root Regions 3.833ms
[2023-09-10T21:35:10.745-0100][2.395s] GC(3) Concurrent Mark (2.395s)
[2023-09-10T21:35:10.745-0100][2.395s] GC(3) Concurrent Mark From Roots
[2023-09-10T21:35:10.745-0100][2.395s] GC(3) Using 3 workers of 3 for marking
[2023-09-10T21:35:10.752-0100][2.402s] GC(3) Concurrent Mark From Roots 6.888ms
[2023-09-10T21:35:10.752-0100][2.402s] GC(3) Concurrent Preclean
[2023-09-10T21:35:10.752-0100][2.402s] GC(3) Concurrent Preclean 0.044ms
[2023-09-10T21:35:10.752-0100][2.402s] GC(3) Concurrent Mark (2.395s, 2.402s) 7.005ms
[2023-09-10T21:35:10.752-0100][2.402s] GC(3) Pause Remark
[2023-09-10T21:35:10.753-0100][2.404s] GC(3) Pause Remark 23M->23M(512M) 1.542ms
[2023-09-10T21:35:10.753-0100][2.404s] GC(3) User=0.01s Sys=0.00s Real=0.00s
[2023-09-10T21:35:10.753-0100][2.404s] GC(3) Concurrent Rebuild Remembered Sets
[2023-09-10T21:35:10.758-0100][2.409s] GC(3) Concurrent Rebuild Remembered Sets 5.026ms
[2023-09-10T21:35:10.759-0100][2.409s] GC(3) Pause Cleanup
[2023-09-10T21:35:10.759-0100][2.409s] GC(3) Pause Cleanup 23M->23M(512M) 0.139ms
[2023-09-10T21:35:10.759-0100][2.409s] GC(3) User=0.00s Sys=0.00s Real=0.00s
[2023-09-10T21:35:10.759-0100][2.409s] GC(3) Concurrent Cleanup for Next Mark
[2023-09-10T21:35:10.760-0100][2.410s] GC(3) Concurrent Cleanup for Next Mark 0.639ms
[2023-09-10T21:35:10.760-0100][2.410s] GC(3) Concurrent Cycle 19.185ms
[2023-09-10T21:35:12.538-0100][4.188s] GC(4) Pause Young (Concurrent Start) (Metadata GC Threshold)
[2023-09-10T21:35:12.538-0100][4.188s] GC(4) Using 10 workers of 10 for evacuation
[2023-09-10T21:35:12.547-0100][4.198s] GC(4)   Pre Evacuate Collection Set: 0.2ms
[2023-09-10T21:35:12.548-0100][4.198s] GC(4)   Merge Heap Roots: 0.1ms
[2023-09-10T21:35:12.548-0100][4.198s] GC(4)   Evacuate Collection Set: 8.1ms
[2023-09-10T21:35:12.548-0100][4.198s] GC(4)   Post Evacuate Collection Set: 1.1ms
[2023-09-10T21:35:12.548-0100][4.198s] GC(4)   Other: 0.3ms
[2023-09-10T21:35:12.548-0100][4.198s] GC(4) Eden regions: 150->0(289)
[2023-09-10T21:35:12.548-0100][4.198s] GC(4) Survivor regions: 13->18(39)
[2023-09-10T21:35:12.548-0100][4.198s] GC(4) Old regions: 6->6
[2023-09-10T21:35:12.548-0100][4.198s] GC(4) Archive regions: 2->2
[2023-09-10T21:35:12.548-0100][4.198s] GC(4) Humongous regions: 5->4
[2023-09-10T21:35:12.548-0100][4.198s] GC(4) Metaspace: 34532K(35708K)->34532K(35708K) NonClass: 30349K(31100K)->30349K(31100K) Class: 4183K(4608K)->4183K(4608K)
[2023-09-10T21:35:12.548-0100][4.198s] GC(4) Pause Young (Concurrent Start) (Metadata GC Threshold) 173M->28M(512M) 10.010ms
[2023-09-10T21:35:12.548-0100][4.198s] GC(4) User=0.07s Sys=0.00s Real=0.01s
[2023-09-10T21:35:12.548-0100][4.198s] GC(5) Concurrent Cycle
[2023-09-10T21:35:12.548-0100][4.198s] GC(5) Concurrent Clear Claimed Marks
[2023-09-10T21:35:12.548-0100][4.198s] GC(5) Concurrent Clear Claimed Marks 0.070ms
[2023-09-10T21:35:12.548-0100][4.198s] GC(5) Concurrent Scan Root Regions
[2023-09-10T21:35:12.553-0100][4.204s] GC(5) Concurrent Scan Root Regions 5.422ms
[2023-09-10T21:35:12.553-0100][4.204s] GC(5) Concurrent Mark (4.204s)
[2023-09-10T21:35:12.553-0100][4.204s] GC(5) Concurrent Mark From Roots
[2023-09-10T21:35:12.553-0100][4.204s] GC(5) Using 3 workers of 3 for marking
[2023-09-10T21:35:12.564-0100][4.214s] GC(5) Concurrent Mark From Roots 10.387ms
[2023-09-10T21:35:12.564-0100][4.214s] GC(5) Concurrent Preclean
[2023-09-10T21:35:12.564-0100][4.214s] GC(5) Concurrent Preclean 0.146ms
[2023-09-10T21:35:12.564-0100][4.214s] GC(5) Concurrent Mark (4.204s, 4.214s) 10.665ms
[2023-09-10T21:35:12.564-0100][4.215s] GC(5) Pause Remark
[2023-09-10T21:35:12.566-0100][4.217s] GC(5) Pause Remark 29M->29M(512M) 2.069ms
[2023-09-10T21:35:12.566-0100][4.217s] GC(5) User=0.02s Sys=0.00s Real=0.00s
[2023-09-10T21:35:12.567-0100][4.217s] GC(5) Concurrent Rebuild Remembered Sets
[2023-09-10T21:35:12.572-0100][4.223s] GC(5) Concurrent Rebuild Remembered Sets 5.916ms
[2023-09-10T21:35:12.573-0100][4.223s] GC(5) Pause Cleanup
[2023-09-10T21:35:12.573-0100][4.223s] GC(5) Pause Cleanup 30M->30M(512M) 0.138ms
[2023-09-10T21:35:12.573-0100][4.223s] GC(5) User=0.00s Sys=0.00s Real=0.00s
[2023-09-10T21:35:12.573-0100][4.224s] GC(5) Concurrent Cleanup for Next Mark
[2023-09-10T21:35:12.574-0100][4.225s] GC(5) Concurrent Cleanup for Next Mark 1.016ms
[2023-09-10T21:35:12.574-0100][4.225s] GC(5) Concurrent Cycle 26.556ms
[2023-09-10T21:35:14.810-0100][6.460s] GC(6) Pause Young (Normal) (G1 Evacuation Pause)
[2023-09-10T21:35:14.810-0100][6.461s] GC(6) Using 10 workers of 10 for evacuation
[2023-09-10T21:35:14.825-0100][6.475s] GC(6)   Pre Evacuate Collection Set: 0.1ms
[2023-09-10T21:35:14.825-0100][6.475s] GC(6)   Merge Heap Roots: 0.1ms
[2023-09-10T21:35:14.825-0100][6.475s] GC(6)   Evacuate Collection Set: 12.7ms
[2023-09-10T21:35:14.825-0100][6.475s] GC(6)   Post Evacuate Collection Set: 1.3ms
[2023-09-10T21:35:14.825-0100][6.475s] GC(6)   Other: 0.2ms
[2023-09-10T21:35:14.825-0100][6.475s] GC(6) Eden regions: 289->0(277)
[2023-09-10T21:35:14.825-0100][6.475s] GC(6) Survivor regions: 18->30(39)
[2023-09-10T21:35:14.825-0100][6.475s] GC(6) Old regions: 6->6
[2023-09-10T21:35:14.825-0100][6.475s] GC(6) Archive regions: 2->2
[2023-09-10T21:35:14.825-0100][6.475s] GC(6) Humongous regions: 4->4
[2023-09-10T21:35:14.825-0100][6.475s] GC(6) Metaspace: 52783K(54524K)->52783K(54524K) NonClass: 46114K(47228K)->46114K(47228K) Class: 6669K(7296K)->6669K(7296K)
[2023-09-10T21:35:14.825-0100][6.475s] GC(6) Pause Young (Normal) (G1 Evacuation Pause) 317M->39M(512M) 14.627ms
[2023-09-10T21:35:14.825-0100][6.475s] GC(6) User=0.13s Sys=0.00s Real=0.01s
[2023-09-10T21:44:50.163-0100][581.811s] Heap
[2023-09-10T21:44:50.164-0100][581.812s]  garbage-first heap   total 524288K, used 83828K [0x00000007e0000000, 0x0000000800000000)
[2023-09-10T21:44:50.164-0100][581.812s]   region size 1024K, 73 young (74752K), 30 survivors (30720K)
[2023-09-10T21:44:50.164-0100][581.812s]  Metaspace       used 56010K, capacity 57582K, committed 57852K, reserved 1099776K
[2023-09-10T21:44:50.164-0100][581.812s]   class space    used 7098K, capacity 7686K, committed 7808K, reserved 1048576K
